Component: ARM Compiler 5.06 update 4 (build 422) Tool: armlink [4d35d2]

==============================================================================

Section Cross References

    main.o(i.main) refers to bsp.o(i.bsp_Config) for bsp_Config
    main.o(i.main) refers to bsp_timer.o(i.bsp_TimerSoftStart) for bsp_TimerSoftStart
    main.o(i.main) refers to bsp_timer.o(i.bsp_TimerSoftSetCallBack) for bsp_TimerSoftSetCallBack
    main.o(i.main) refers to robot.o(i.robot_Config) for robot_Config
    main.o(i.main) refers to robot_motor.o(i.robot_UpPlatform) for robot_UpPlatform
    main.o(i.main) refers to robot_detect.o(i.robot_Detect) for robot_Detect
    main.o(i.main) refers to bsp_key.o(i.bsp_KeyScan) for bsp_KeyScan
    main.o(i.main) refers to robot.o(i.robot_ShowState) for robot_ShowState
    system_stm32f4xx.o(i.SystemCoreClockUpdate) refers to system_stm32f4xx.o(.data) for SystemCoreClock
    system_stm32f4xx.o(i.SystemInit) refers to system_stm32f4xx.o(i.SetSysClock) for SetSysClock
    startup_stm32f40_41xxx.o(STACK) refers (Special) to heapauxi.o(.text) for __use_two_region_memory
    startup_stm32f40_41xxx.o(HEAP) refers (Special) to heapauxi.o(.text) for __use_two_region_memory
    startup_stm32f40_41xxx.o(RESET) refers (Special) to heapauxi.o(.text) for __use_two_region_memory
    startup_stm32f40_41xxx.o(RESET) refers to startup_stm32f40_41xxx.o(STACK) for __initial_sp
    startup_stm32f40_41xxx.o(RESET) refers to startup_stm32f40_41xxx.o(.text) for Reset_Handler
    startup_stm32f40_41xxx.o(RESET) refers to stm32f4xx_it.o(i.NMI_Handler) for NMI_Handler
    startup_stm32f40_41xxx.o(RESET) refers to stm32f4xx_it.o(i.HardFault_Handler) for HardFault_Handler
    startup_stm32f40_41xxx.o(RESET) refers to stm32f4xx_it.o(i.MemManage_Handler) for MemManage_Handler
    startup_stm32f40_41xxx.o(RESET) refers to stm32f4xx_it.o(i.BusFault_Handler) for BusFault_Handler
    startup_stm32f40_41xxx.o(RESET) refers to stm32f4xx_it.o(i.UsageFault_Handler) for UsageFault_Handler
    startup_stm32f40_41xxx.o(RESET) refers to stm32f4xx_it.o(i.SVC_Handler) for SVC_Handler
    startup_stm32f40_41xxx.o(RESET) refers to stm32f4xx_it.o(i.DebugMon_Handler) for DebugMon_Handler
    startup_stm32f40_41xxx.o(RESET) refers to stm32f4xx_it.o(i.PendSV_Handler) for PendSV_Handler
    startup_stm32f40_41xxx.o(RESET) refers to bsp_timer.o(i.SysTick_Handler) for SysTick_Handler
    startup_stm32f40_41xxx.o(RESET) refers to bsp_timer.o(i.TIM2_IRQHandler) for TIM2_IRQHandler
    startup_stm32f40_41xxx.o(RESET) refers to bsp_timer.o(i.TIM3_IRQHandler) for TIM3_IRQHandler
    startup_stm32f40_41xxx.o(RESET) refers to bsp_timer.o(i.TIM4_IRQHandler) for TIM4_IRQHandler
    startup_stm32f40_41xxx.o(RESET) refers to bsp_uasrt.o(i.USART1_IRQHandler) for USART1_IRQHandler
    startup_stm32f40_41xxx.o(RESET) refers to bsp_uasrt.o(i.USART3_IRQHandler) for USART3_IRQHandler
    startup_stm32f40_41xxx.o(RESET) refers to bsp_timer.o(i.TIM5_IRQHandler) for TIM5_IRQHandler
    startup_stm32f40_41xxx.o(.text) refers (Special) to heapauxi.o(.text) for __use_two_region_memory
    startup_stm32f40_41xxx.o(.text) refers to system_stm32f4xx.o(i.SystemInit) for SystemInit
    startup_stm32f40_41xxx.o(.text) refers to __main.o(!!!main) for __main
    startup_stm32f40_41xxx.o(.text) refers to startup_stm32f40_41xxx.o(HEAP) for Heap_Mem
    startup_stm32f40_41xxx.o(.text) refers to startup_stm32f40_41xxx.o(STACK) for Stack_Mem
    stm32f4xx_gpio.o(i.GPIO_DeInit) refers to stm32f4xx_rcc.o(i.RCC_AHB1PeriphResetCmd) for RCC_AHB1PeriphResetCmd
    stm32f4xx_rcc.o(i.RCC_GetClocksFreq) refers to stm32f4xx_rcc.o(.data) for APBAHBPrescTable
    stm32f4xx_rcc.o(i.RCC_WaitForHSEStartUp) refers to stm32f4xx_rcc.o(i.RCC_GetFlagStatus) for RCC_GetFlagStatus
    stm32f4xx_syscfg.o(i.SYSCFG_DeInit) refers to stm32f4xx_rcc.o(i.RCC_APB2PeriphResetCmd) for RCC_APB2PeriphResetCmd
    stm32f4xx_usart.o(i.USART_DeInit) refers to stm32f4xx_rcc.o(i.RCC_APB2PeriphResetCmd) for RCC_APB2PeriphResetCmd
    stm32f4xx_usart.o(i.USART_DeInit) refers to stm32f4xx_rcc.o(i.RCC_APB1PeriphResetCmd) for RCC_APB1PeriphResetCmd
    stm32f4xx_usart.o(i.USART_Init) refers to stm32f4xx_rcc.o(i.RCC_GetClocksFreq) for RCC_GetClocksFreq
    stm32f4xx_adc.o(i.ADC_DeInit) refers to stm32f4xx_rcc.o(i.RCC_APB2PeriphResetCmd) for RCC_APB2PeriphResetCmd
    stm32f4xx_tim.o(i.TIM_DeInit) refers to stm32f4xx_rcc.o(i.RCC_APB2PeriphResetCmd) for RCC_APB2PeriphResetCmd
    stm32f4xx_tim.o(i.TIM_DeInit) refers to stm32f4xx_rcc.o(i.RCC_APB1PeriphResetCmd) for RCC_APB1PeriphResetCmd
    stm32f4xx_tim.o(i.TIM_ETRClockMode1Config) refers to stm32f4xx_tim.o(i.TIM_ETRConfig) for TIM_ETRConfig
    stm32f4xx_tim.o(i.TIM_ETRClockMode2Config) refers to stm32f4xx_tim.o(i.TIM_ETRConfig) for TIM_ETRConfig
    stm32f4xx_tim.o(i.TIM_ICInit) refers to stm32f4xx_tim.o(i.TI1_Config) for TI1_Config
    stm32f4xx_tim.o(i.TIM_ICInit) refers to stm32f4xx_tim.o(i.TIM_SetIC1Prescaler) for TIM_SetIC1Prescaler
[...]
    ../clib/angel/kernel.s                   0x00000000   Number         0  rtexit2.o ABSOLUTE
    ../clib/angel/kernel.s                   0x00000000   Number         0  __rtentry.o ABSOLUTE
    ../clib/angel/kernel.s                   0x00000000   Number         0  __rtentry2.o ABSOLUTE
    ../clib/angel/rt.s                       0x00000000   Number         0  rt_locale_intlibspace.o ABSOLUTE
    ../clib/angel/rt.s                       0x00000000   Number         0  rt_ctype_table.o ABSOLUTE
    ../clib/angel/rt.s                       0x00000000   Number         0  rt_locale.o ABSOLUTE
    ../clib/angel/rt.s                       0x00000000   Number         0  rt_raise.o ABSOLUTE
    ../clib/angel/scatter.s                  0x00000000   Number         0  __scatter.o ABSOLUTE
    ../clib/angel/startup.s                  0x00000000   Number         0  __main.o ABSOLUTE
    ../clib/angel/sys.s                      0x00000000   Number         0  indicate_semi.o ABSOLUTE
    ../clib/angel/sys.s                      0x00000000   Number         0  libspace.o ABSOLUTE
    ../clib/angel/sys.s                      0x00000000   Number         0  sys_stackheap_outer.o ABSOLUTE
    ../clib/angel/sys.s                      0x00000000   Number         0  use_no_semi.o ABSOLUTE
    ../clib/angel/sysapp.c                   0x00000000   Number         0  sys_exit.o ABSOLUTE
    ../clib/angel/sysapp.c                   0x00000000   Number         0  sys_wrch.o ABSOLUTE
    ../clib/angel/sysapp.c                   0x00000000   Number         0  sys_command.o ABSOLUTE
    ../clib/armsys.c                         0x00000000   Number         0  argv_veneer.o ABSOLUTE
    ../clib/armsys.c                         0x00000000   Number         0  argv_veneer.o ABSOLUTE
    ../clib/armsys.c                         0x00000000   Number         0  no_argv.o ABSOLUTE
    ../clib/armsys.c                         0x00000000   Number         0  _get_argv_nomalloc.o ABSOLUTE
    ../clib/bigflt.c                         0x00000000   Number         0  bigflt0.o ABSOLUTE
    ../clib/btod.s                           0x00000000   Number         0  btod.o ABSOLUTE
    ../clib/heapalloc.c                      0x00000000   Number         0  hrguard.o ABSOLUTE
    ../clib/heapaux.c                        0x00000000   Number         0  heapauxi.o ABSOLUTE
    ../clib/libinit.s                        0x00000000   Number         0  libshutdown2.o ABSOLUTE
    ../clib/libinit.s                        0x00000000   Number         0  libinit.o ABSOLUTE
    ../clib/libinit.s                        0x00000000   Number         0  libinit2.o ABSOLUTE
    ../clib/libinit.s                        0x00000000   Number         0  libshutdown.o ABSOLUTE
    ../clib/locale.c                         0x00000000   Number         0  _wcrtomb.o ABSOLUTE
    ../clib/locale.s                         0x00000000   Number         0  lc_numeric_c.o ABSOLUTE
    ../clib/locale.s                         0x00000000   Number         0  lc_ctype_c.o ABSOLUTE
    ../clib/longlong.s                       0x00000000   Number         0  lludiv10.o ABSOLUTE
    ../clib/memcpset.s                       0x00000000   Number         0  strcmpv7m.o ABSOLUTE
    ../clib/misc.s                           0x00000000   Number         0  printf_stubs.o ABSOLUTE
    ../clib/printf.c                         0x00000000   Number         0  vsprintf.o ABSOLUTE
    ../clib/printf.c                         0x00000000   Number         0  _printf_intcommon.o ABSOLUTE
    ../clib/printf.c                         0x00000000   Number         0  _printf_fp_dec.o ABSOLUTE
    ../clib/printf.c                         0x00000000   Number         0  _printf_fp_hex.o ABSOLUTE
    ../clib/printf.c                         0x00000000   Number         0  __printf_nopercent.o ABSOLUTE
    ../clib/printf.c                         0x00000000   Number         0  _printf_char.o ABSOLUTE
    ../clib/printf.c                         0x00000000   Number         0  _printf_wchar.o ABSOLUTE
    ../clib/printf.c                         0x00000000   Number         0  _printf_fp_infnan.o ABSOLUTE
    ../clib/printf.c                         0x00000000   Number         0  _printf_charcount.o ABSOLUTE
    ../clib/printf.c                         0x00000000   Number         0  __printf.o ABSOLUTE
    ../clib/printf.c                         0x00000000   Number         0  _printf_hex_int.o ABSOLUTE
    ../clib/printf.c                         0x00000000   Number         0  _printf_hex_ll.o ABSOLUTE
    ../clib/printf.c                         0x00000000   Number         0  _printf_oct_int_ll.o ABSOLUTE
    ../clib/printf.c                         0x00000000   Number         0  _printf_oct_int.o ABSOLUTE
    ../clib/printf.c                         0x00000000   Number         0  _printf_oct_ll.o ABSOLUTE
    ../clib/printf.c                         0x00000000   Number         0  _printf_longlong_dec.o ABSOLUTE
    ../clib/printf.c                         0x00000000   Number         0  _printf_wctomb.o ABSOLUTE
    ../clib/printf.c                         0x00000000   Number         0  _sputc.o ABSOLUTE
    ../clib/printf.c                         0x00000000   Number         0  _printf_char_common.o ABSOLUTE
    ../clib/printf.c                         0x00000000   Number         0  _printf_dec.o ABSOLUTE
    ../clib/printf.c                         0x00000000   Number         0  _printf_str.o ABSOLUTE
    ../clib/printf.c                         0x00000000   Number         0  _printf_truncate.o ABSOLUTE
    ../clib/printf.c                         0x00000000   Number         0  _printf_pad.o ABSOLUTE
    ../clib/printf.c                         0x00000000   Number         0  _printf_hex_int_ll.o ABSOLUTE
    ../clib/printf.c                         0x00000000   Number         0  __printf_flags_ss_wp.o ABSOLUTE
    ../clib/printf.c                         0x00000000   Number         0  __printf_ss_wp.o ABSOLUTE
    ../clib/printf.c                         0x00000000   Number         0  __printf_flags_wp.o ABSOLUTE
    ../clib/printf.c                         0x00000000   Number         0  __printf_wp.o ABSOLUTE
    ../clib/printf.c                         0x00000000   Number         0  __printf_flags_ss.o ABSOLUTE
    ../clib/printf.c                         0x00000000   Number         0  __printf_ss.o ABSOLUTE
    ../clib/printf.c                         0x00000000   Number         0  __printf_flags.o ABSOLUTE
    ../clib/printf.c                         0x00000000   Number         0  _printf_hex_int_ll_ptr.o ABSOLUTE
    ../clib/printf.c                         0x00000000   Number         0  _printf_hex_ll_ptr.o ABSOLUTE
    ../clib/printf.c                         0x00000000   Number         0  _printf_hex_int_ptr.o ABSOLUTE
    ../clib/printf.c                         0x00000000   Number         0  _printf_hex_ptr.o ABSOLUTE
    ../clib/printf_percent.s                 0x00000000   Number         0  _printf_a.o ABSOLUTE
    ../clib/printf_percent.s                 0x00000000   Number         0  _printf_g.o ABSOLUTE
    ../clib/printf_percent.s                 0x00000000   Number         0  _printf_e.o ABSOLUTE
    ../clib/printf_percent.s                 0x00000000   Number         0  _printf_f.o ABSOLUTE
    ../clib/printf_percent.s                 0x00000000   Number         0  _printf_u.o ABSOLUTE
    ../clib/printf_percent.s                 0x00000000   Number         0  _printf_d.o ABSOLUTE
    ../clib/printf_percent.s                 0x00000000   Number         0  _printf_i.o ABSOLUTE
    ../clib/printf_percent.s                 0x00000000   Number         0  _printf_o.o ABSOLUTE
    ../clib/printf_percent.s                 0x00000000   Number         0  _printf_s.o ABSOLUTE
    ../clib/printf_percent.s                 0x00000000   Number         0  _printf_x.o ABSOLUTE
    ../clib/printf_percent.s                 0x00000000   Number         0  _printf_n.o ABSOLUTE
    ../clib/printf_percent.s                 0x00000000   Number         0  _printf_percent.o ABSOLUTE
    ../clib/printf_percent.s                 0x00000000   Number         0  _printf_percent_end.o ABSOLUTE
    ../clib/printf_percent.s                 0x00000000   Number         0  _printf_p.o ABSOLUTE
    ../clib/printf_percent.s                 0x00000000   Number         0  _printf_llx.o ABSOLUTE
    ../clib/printf_percent.s                 0x00000000   Number         0  _printf_llo.o ABSOLUTE
    ../clib/printf_percent.s                 0x00000000   Number         0  _printf_lc.o ABSOLUTE
    ../clib/printf_percent.s                 0x00000000   Number         0  _printf_l.o ABSOLUTE
    ../clib/printf_percent.s                 0x00000000   Number         0  _printf_ll.o ABSOLUTE
    ../clib/printf_percent.s                 0x00000000   Number         0  _printf_llu.o ABSOLUTE
    ../clib/printf_percent.s                 0x00000000   Number         0  _printf_lld.o ABSOLUTE
    ../clib/printf_percent.s                 0x00000000   Number         0  _printf_lli.o ABSOLUTE
    ../clib/printf_percent.s                 0x00000000   Number         0  _printf_ls.o ABSOLUTE
    ../clib/printf_percent.s                 0x00000000   Number         0  _printf_c.o ABSOLUTE
    ../clib/signal.c                         0x00000000   Number         0  defsig_rtred_inner.o ABSOLUTE
    ../clib/signal.c                         0x00000000   Number         0  defsig_fpe_inner.o ABSOLUTE
    ../clib/signal.c                         0x00000000   Number         0  defsig_abrt_inner.o ABSOLUTE
    ../clib/signal.c                         0x00000000   Number         0  defsig_general.o ABSOLUTE
    ../clib/signal.c                         0x00000000   Number         0  __raise.o ABSOLUTE
    ../clib/signal.c                         0x00000000   Number         0  defsig_rtmem_inner.o ABSOLUTE
    ../clib/signal.c                         0x00000000   Number         0  defsig_exit.o ABSOLUTE
    ../clib/signal.c                         0x00000000   Number         0  defsig_rtmem_formal.o ABSOLUTE
    ../clib/signal.c                         0x00000000   Number         0  defsig_segv_inner.o ABSOLUTE
    ../clib/signal.c                         0x00000000   Number         0  defsig_other.o ABSOLUTE
    ../clib/signal.c                         0x00000000   Number         0  defsig_cppl_inner.o ABSOLUTE
    ../clib/signal.c                         0x00000000   Number         0  defsig_rtmem_outer.o ABSOLUTE
    ../clib/signal.c                         0x00000000   Number         0  defsig_pvfn_inner.o ABSOLUTE
    ../clib/signal.c                         0x00000000   Number         0  defsig_stak_inner.o ABSOLUTE
    ../clib/signal.s                         0x00000000   Number         0  defsig.o ABSOLUTE
    ../clib/stdlib.c                         0x00000000   Number         0  exit.o ABSOLUTE
    ../fplib/fpinit.s                        0x00000000   Number         0  fpinit.o ABSOLUTE
    ../fplib/istatus.s                       0x00000000   Number         0  istatus.o ABSOLUTE
    ../fplib/printf1.s                       0x00000000   Number         0  printf1.o ABSOLUTE
    ../fplib/printf2.s                       0x00000000   Number         0  printf2.o ABSOLUTE
    ../fplib/printf2a.s                      0x00000000   Number         0  printf2a.o ABSOLUTE
    ../fplib/printf2b.s                      0x00000000   Number         0  printf2b.o ABSOLUTE
    ../fplib/usenofp.s                       0x00000000   Number         0  usenofp.o ABSOLUTE
    ../mathlib/fpclassify.c                  0x00000000   Number         0  fpclassify.o ABSOLUTE
    ..\BSP_DRIVER\src\bsp.c                  0x00000000   Number         0  bsp.o ABSOLUTE
    ..\BSP_DRIVER\src\bsp_key.c              0x00000000   Number         0  bsp_key.o ABSOLUTE
    ..\BSP_DRIVER\src\bsp_led.c              0x00000000   Number         0  bsp_led.o ABSOLUTE
    ..\BSP_DRIVER\src\bsp_timer.c            0x00000000   Number         0  bsp_timer.o ABSOLUTE
    ..\BSP_DRIVER\src\bsp_uasrt.c            0x00000000   Number         0  bsp_uasrt.o ABSOLUTE
    ..\CORE\startup_stm32f40_41xxx.s         0x00000000   Number         0  startup_stm32f40_41xxx.o ABSOLUTE
    ..\FWLIB\src\misc.c                      0x00000000   Number         0  misc.o ABSOLUTE
    ..\FWLIB\src\stm32f4xx_adc.c             0x00000000   Number         0  stm32f4xx_adc.o ABSOLUTE
    ..\FWLIB\src\stm32f4xx_dma.c             0x00000000   Number         0  stm32f4xx_dma.o ABSOLUTE
    ..\FWLIB\src\stm32f4xx_gpio.c            0x00000000   Number         0  stm32f4xx_gpio.o ABSOLUTE
    ..\FWLIB\src\stm32f4xx_rcc.c             0x00000000   Number         0  stm32f4xx_rcc.o ABSOLUTE
    ..\FWLIB\src\stm32f4xx_syscfg.c          0x00000000   Number         0  stm32f4xx_syscfg.o ABSOLUTE
    ..\FWLIB\src\stm32f4xx_tim.c             0x00000000   Number         0  stm32f4xx_tim.o ABSOLUTE
    ..\FWLIB\src\stm32f4xx_usart.c           0x00000000   Number         0  stm32f4xx_usart.o ABSOLUTE
    ..\ROBOT\src\robot.c                     0x00000000   Number         0  robot.o ABSOLUTE
    ..\ROBOT\src\robot_debug.c               0x00000000   Number         0  robot_debug.o ABSOLUTE
    ..\ROBOT\src\robot_detect.c              0x00000000   Number         0  robot_detect.o ABSOLUTE
    ..\ROBOT\src\robot_motor.c               0x00000000   Number         0  robot_motor.o ABSOLUTE
    ..\ROBOT\src\robot_sensor.c              0x00000000   Number         0  robot_sensor.o ABSOLUTE
    ..\ROBOT\src\robot_servo.c               0x00000000   Number         0  robot_servo.o ABSOLUTE
    ..\\BSP_DRIVER\\src\\bsp.c               0x00000000   Number         0  bsp.o ABSOLUTE
    ..\\BSP_DRIVER\\src\\bsp_key.c           0x00000000   Number         0  bsp_key.o ABSOLUTE
    ..\\BSP_DRIVER\\src\\bsp_led.c           0x00000000   Number         0  bsp_led.o ABSOLUTE
    ..\\BSP_DRIVER\\src\\bsp_timer.c         0x00000000   Number         0  bsp_timer.o ABSOLUTE
    ..\\BSP_DRIVER\\src\\bsp_uasrt.c         0x00000000   Number         0  bsp_uasrt.o ABSOLUTE
    ..\\FWLIB\\src\\misc.c                   0x00000000   Number         0  misc.o ABSOLUTE
    ..\\FWLIB\\src\\stm32f4xx_adc.c          0x00000000   Number         0  stm32f4xx_adc.o ABSOLUTE
    ..\\FWLIB\\src\\stm32f4xx_dma.c          0x00000000   Number         0  stm32f4xx_dma.o ABSOLUTE
    ..\\FWLIB\\src\\stm32f4xx_gpio.c         0x00000000   Number         0  stm32f4xx_gpio.o ABSOLUTE
    ..\\FWLIB\\src\\stm32f4xx_rcc.c          0x00000000   Number         0  stm32f4xx_rcc.o ABSOLUTE
    ..\\FWLIB\\src\\stm32f4xx_syscfg.c       0x00000000   Number         0  stm32f4xx_syscfg.o ABSOLUTE
    ..\\FWLIB\\src\\stm32f4xx_tim.c          0x00000000   Number         0  stm32f4xx_tim.o ABSOLUTE
    ..\\FWLIB\\src\\stm32f4xx_usart.c        0x00000000   Number         0  stm32f4xx_usart.o ABSOLUTE
    ..\\ROBOT\\src\\robot.c                  0x00000000   Number         0  robot.o ABSOLUTE
    ..\\ROBOT\\src\\robot_debug.c            0x00000000   Number         0  robot_debug.o ABSOLUTE
    ..\\ROBOT\\src\\robot_detect.c           0x00000000   Number         0  robot_detect.o ABSOLUTE
    ..\\ROBOT\\src\\robot_motor.c            0x00000000   Number         0  robot_motor.o ABSOLUTE
    ..\\ROBOT\\src\\robot_sensor.c           0x00000000   Number         0  robot_sensor.o ABSOLUTE
    ..\\ROBOT\\src\\robot_servo.c            0x00000000   Number         0  robot_servo.o ABSOLUTE
    dc.s                                     0x00000000   Number         0  dc.o ABSOLUTE
    main.c                                   0x00000000   Number         0  main.o ABSOLUTE
    main.c                                   0x00000000   Number         0  main.o ABSOLUTE
    stm32f4xx_it.c                           0x00000000   Number         0  stm32f4xx_it.o ABSOLUTE
    stm32f4xx_it.c                           0x00000000   Number         0  stm32f4xx_it.o ABSOLUTE
    system_stm32f4xx.c                       0x00000000   Number         0  system_stm32f4xx.o ABSOLUTE
    system_stm32f4xx.c                       0x00000000   Number         0  system_stm32f4xx.o ABSOLUTE
    RESET                                    0x08000000   Section      392  startup_stm32f40_41xxx.o(RESET)
    !!!main                                  0x08000188   Section        8  __main.o(!!!main)
    !!!scatter                               0x08000190   Section       52  __scatter.o(!!!scatter)
    !!handler_copy                           0x080001c4   Section       26  __scatter_copy.o(!!handler_copy)
    !!handler_zi                             0x080001e0   Section       28  __scatter_zi.o(!!handler_zi)
    .ARM.Collect$$libinit$$00000000          0x080001fc   Section        2  libinit.o(.ARM.Collect$$libinit$$00000000)
    .ARM.Collect$$libinit$$00000001          0x080001fe   Section        4  libinit2.o(.ARM.Collect$$libinit$$00000001)
    .ARM.Collect$$libinit$$00000004          0x08000202   Section        0  libinit2.o(.ARM.Collect$$libinit$$00000004)
    .ARM.Collect$$libinit$$0000000A          0x08000202   Section        0  libinit2.o(.ARM.Collect$$libinit$$0000000A)
    .ARM.Collect$$libinit$$0000000C          0x08000202   Section        0  libinit2.o(.ARM.Collect$$libinit$$0000000C)
    .ARM.Collect$$libinit$$0000000E          0x08000202   Section        0  libinit2.o(.ARM.Collect$$libinit$$0000000E)
    .ARM.Collect$$libinit$$00000011          0x08000202   Section        0  libinit2.o(.ARM.Collect$$libinit$$00000011)
    .ARM.Collect$$libinit$$00000013          0x08000202   Section        0  libinit2.o(.ARM.Collect$$libinit$$00000013)
    .ARM.Collect$$libinit$$00000015          0x08000202   Section        0  libinit2.o(.ARM.Collect$$libinit$$00000015)
    .ARM.Collect$$libinit$$00000017          0x08000202   Section        0  libinit2.o(.ARM.Collect$$libinit$$00000017)
    .ARM.Collect$$libinit$$00000019          0x08000202   Section        0  libinit2.o(.ARM.Collect$$libinit$$00000019)
    .ARM.Collect$$libinit$$0000001B          0x08000202   Section        0  libinit2.o(.ARM.Collect$$libinit$$0000001B)
    .ARM.Collect$$libinit$$0000001D          0x08000202   Section        0  libinit2.o(.ARM.Collect$$libinit$$0000001D)
    .ARM.Collect$$libinit$$0000001F          0x08000202   Section        0  libinit2.o(.ARM.Collect$$libinit$$0000001F)
    .ARM.Collect$$libinit$$00000021          0x08000202   Section        0  libinit2.o(.ARM.Collect$$libinit$$00000021)
    .ARM.Collect$$libinit$$00000023          0x08000202   Section        0  libinit2.o(.ARM.Collect$$libinit$$00000023)
    .ARM.Collect$$libinit$$00000025          0x08000202   Section        0  libinit2.o(.ARM.Collect$$libinit$$00000025)
    .ARM.Collect$$libinit$$0000002C          0x08000202   Section        0  libinit2.o(.ARM.Collect$$libinit$$0000002C)
    .ARM.Collect$$libinit$$0000002E          0x08000202   Section        0  libinit2.o(.ARM.Collect$$libinit$$0000002E)
    .ARM.Collect$$libinit$$00000030          0x08000202   Section        0  libinit2.o(.ARM.Collect$$libinit$$00000030)
    .ARM.Collect$$libinit$$00000032          0x08000202   Section        0  libinit2.o(.ARM.Collect$$libinit$$00000032)
    .ARM.Collect$$libinit$$00000033          0x08000202   Section        2  libinit2.o(.ARM.Collect$$libinit$$00000033)
    .ARM.Collect$$libshutdown$$00000000      0x08000204   Section        2  libshutdown.o(.ARM.Collect$$libshutdown$$00000000)
    .ARM.Collect$$libshutdown$$00000002      0x08000206   Section        0  libshutdown2.o(.ARM.Collect$$libshutdown$$00000002)
    .ARM.Collect$$libshutdown$$00000004      0x08000206   Section        0  libshutdown2.o(.ARM.Collect$$libshutdown$$00000004)
    .ARM.Collect$$libshutdown$$00000007      0x08000206   Section        0  libshutdown2.o(.ARM.Collect$$libshutdown$$00000007)
    .ARM.Collect$$libshutdown$$0000000A      0x08000206   Section        0  libshutdown2.o(.ARM.Collect$$libshutdown$$0000000A)
    .ARM.Collect$$libshutdown$$0000000C      0x08000206   Section        0  libshutdown2.o(.ARM.Collect$$libshutdown$$0000000C)
    .ARM.Collect$$libshutdown$$0000000F      0x08000206   Section        0  libshutdown2.o(.ARM.Collect$$libshutdown$$0000000F)
    .ARM.Collect$$libshutdown$$00000010      0x08000206   Section        2  libshutdown2.o(.ARM.Collect$$libshutdown$$00000010)
    .ARM.Collect$$rtentry$$00000000          0x08000208   Section        0  __rtentry.o(.ARM.Collect$$rtentry$$00000000)
    .ARM.Collect$$rtentry$$00000002          0x08000208   Section        0  __rtentry2.o(.ARM.Collect$$rtentry$$00000002)
    .ARM.Collect$$rtentry$$00000004          0x08000208   Section        6  __rtentry4.o(.ARM.Collect$$rtentry$$00000004)
    .ARM.Collect$$rtentry$$00000009          0x0800020e   Section        0  __rtentry2.o(.ARM.Collect$$rtentry$$00000009)
    .ARM.Collect$$rtentry$$0000000A          0x0800020e   Section        4  __rtentry2.o(.ARM.Collect$$rtentry$$0000000A)
    .ARM.Collect$$rtentry$$0000000C          0x08000212   Section        0  __rtentry2.o(.ARM.Collect$$rtentry$$0000000C)
    .ARM.Collect$$rtentry$$0000000D          0x08000212   Section        8  __rtentry2.o(.ARM.Collect$$rtentry$$0000000D)
    .ARM.Collect$$rtexit$$00000000           0x0800021a   Section        2  rtexit.o(.ARM.Collect$$rtexit$$00000000)
    .ARM.Collect$$rtexit$$00000002           0x0800021c   Section        0  rtexit2.o(.ARM.Collect$$rtexit$$00000002)
    .ARM.Collect$$rtexit$$00000003           0x0800021c   Section        4  rtexit2.o(.ARM.Collect$$rtexit$$00000003)
    .ARM.Collect$$rtexit$$00000004           0x08000220   Section        6  rtexit2.o(.ARM.Collect$$rtexit$$00000004)
    .text                                    0x08000228   Section       64  startup_stm32f40_41xxx.o(.text)
    $v0                                      0x08000228   Number         0  startup_stm32f40_41xxx.o(.text)
    .text                                    0x08000268   Section        0  heapauxi.o(.text)
    .text                                    0x0800026e   Section       74  sys_stackheap_outer.o(.text)
    .text                                    0x080002b8   Section        0  exit.o(.text)
    .text                                    0x080002cc   Section        8  libspace.o(.text)
    .text                                    0x080002d4   Section        0  sys_exit.o(.text)
    .text                                    0x080002e0   Section        2  use_no_semi.o(.text)
    .text                                    0x080002e2   Section        0  indicate_semi.o(.text)
    i.ADC_Cmd                                0x080002e2   Section        0  stm32f4xx_adc.o(i.ADC_Cmd)
    i.ADC_CommonInit                         0x080002f8   Section        0  stm32f4xx_adc.o(i.ADC_CommonInit)
    i.ADC_DMACmd                             0x08000328   Section        0  stm32f4xx_adc.o(i.ADC_DMACmd)
    i.ADC_DMARequestAfterLastTransferCmd     0x0800033e   Section        0  stm32f4xx_adc.o(i.ADC_DMARequestAfterLastTransferCmd)
    i.ADC_Init                               0x08000354   Section        0  stm32f4xx_adc.o(i.ADC_Init)
    i.ADC_RegularChannelConfig               0x080003a8   Section        0  stm32f4xx_adc.o(i.ADC_RegularChannelConfig)
    i.BusFault_Handler                       0x08000460   Section        0  stm32f4xx_it.o(i.BusFault_Handler)
    i.DMA_Cmd                                0x08000464   Section        0  stm32f4xx_dma.o(i.DMA_Cmd)
    i.DMA_Init                               0x0800047c   Section        0  stm32f4xx_dma.o(i.DMA_Init)
    i.DebugMon_Handler                       0x080004d4   Section        0  stm32f4xx_it.o(i.DebugMon_Handler)
    i.GPIO_Init                              0x080004d6   Section        0  stm32f4xx_gpio.o(i.GPIO_Init)
    i.GPIO_PinAFConfig                       0x08000566   Section        0  stm32f4xx_gpio.o(i.GPIO_PinAFConfig)
    i.GPIO_ResetBits                         0x080005ac   Section        0  stm32f4xx_gpio.o(i.GPIO_ResetBits)
    i.GPIO_SetBits                           0x080005b0   Section        0  stm32f4xx_gpio.o(i.GPIO_SetBits)
    i.HardFault_Handler                      0x080005b4   Section        0  stm32f4xx_it.o(i.HardFault_Handler)
    i.IsKeyDownPress                         0x080005b8   Section        0  bsp_key.o(i.IsKeyDownPress)
    IsKeyDownPress                           0x080005b9   Thumb Code    12  bsp_key.o(i.IsKeyDownPress)
    i.IsKeyOkPress                           0x080005c8   Section        0  bsp_key.o(i.IsKeyOkPress)
    IsKeyOkPress                             0x080005c9   Thumb Code    12  bsp_key.o(i.IsKeyOkPress)
    i.IsKeyUpPress                           0x080005d8   Section        0  bsp_key.o(i.IsKeyUpPress)
    IsKeyUpPress                             0x080005d9   Thumb Code    12  bsp_key.o(i.IsKeyUpPress)
    i.IsPhoDetected                          0x080005e8   Section        0  robot_detect.o(i.IsPhoDetected)
    i.MemManage_Handler                      0x08000634   Section        0  stm32f4xx_it.o(i.MemManage_Handler)
    i.NMI_Handler                            0x08000638   Section        0  stm32f4xx_it.o(i.NMI_Handler)
    i.NVIC_Init                              0x0800063c   Section        0  misc.o(i.NVIC_Init)
    i.PendSV_Handler                         0x080006b4   Section        0  stm32f4xx_it.o(i.PendSV_Handler)
    i.RCC_AHB1PeriphClockCmd                 0x080006b8   Section        0  stm32f4xx_rcc.o(i.RCC_AHB1PeriphClockCmd)
    i.RCC_APB1PeriphClockCmd                 0x080006d8   Section        0  stm32f4xx_rcc.o(i.RCC_APB1PeriphClockCmd)
    i.RCC_APB2PeriphClockCmd                 0x080006f8   Section        0  stm32f4xx_rcc.o(i.RCC_APB2PeriphClockCmd)
    i.RCC_APB2PeriphResetCmd                 0x08000718   Section        0  stm32f4xx_rcc.o(i.RCC_APB2PeriphResetCmd)
    i.RCC_GetClocksFreq                      0x08000738   Section        0  stm32f4xx_rcc.o(i.RCC_GetClocksFreq)
    i.SVC_Handler                            0x08000820   Section        0  stm32f4xx_it.o(i.SVC_Handler)
    i.SetSysClock                            0x08000824   Section        0  system_stm32f4xx.o(i.SetSysClock)
    SetSysClock                              0x08000825   Thumb Code   220  system_stm32f4xx.o(i.SetSysClock)
    i.SysTick_Handler                        0x08000910   Section        0  bsp_timer.o(i.SysTick_Handler)
    i.SysTick_ISR                            0x08000918   Section        0  bsp_timer.o(i.SysTick_ISR)
    i.SystemInit                             0x08000978   Section        0  system_stm32f4xx.o(i.SystemInit)
    i.TIM2_IRQHandler                        0x080009e0   Section        0  bsp_timer.o(i.TIM2_IRQHandler)
    i.TIM3_IRQHandler                        0x080009e2   Section        0  bsp_timer.o(i.TIM3_IRQHandler)
    i.TIM4_IRQHandler                        0x080009e4   Section        0  bsp_timer.o(i.TIM4_IRQHandler)
    i.TIM5_IRQHandler                        0x080009e6   Section        0  bsp_timer.o(i.TIM5_IRQHandler)
    i.TIM_Cmd                                0x080009e8   Section        0  stm32f4xx_tim.o(i.TIM_Cmd)
    i.TIM_CtrlPWMOutputs                     0x08000a00   Section        0  stm32f4xx_tim.o(i.TIM_CtrlPWMOutputs)
    i.TIM_OC1Init                            0x08000a20   Section        0  stm32f4xx_tim.o(i.TIM_OC1Init)
    i.TIM_OC1PreloadConfig                   0x08000a9c   Section        0  stm32f4xx_tim.o(i.TIM_OC1PreloadConfig)
    i.TIM_OC2Init                            0x08000ab0   Section        0  stm32f4xx_tim.o(i.TIM_OC2Init)
    i.TIM_OC2PreloadConfig                   0x08000b54   Section        0  stm32f4xx_tim.o(i.TIM_OC2PreloadConfig)
    i.TIM_SetCompare1                        0x08000b6e   Section        0  stm32f4xx_tim.o(i.TIM_SetCompare1)
    i.TIM_SetCompare2                        0x08000b72   Section        0  stm32f4xx_tim.o(i.TIM_SetCompare2)
    i.TIM_TimeBaseInit                       0x08000b78   Section        0  stm32f4xx_tim.o(i.TIM_TimeBaseInit)
    i.TIM_TimeBaseStructInit                 0x08000bfc   Section        0  stm32f4xx_tim.o(i.TIM_TimeBaseStructInit)
    i.USART1_IRQHandler                      0x08000c10   Section        0  bsp_uasrt.o(i.USART1_IRQHandler)
    i.USART3_IRQHandler                      0x08000c20   Section        0  bsp_uasrt.o(i.USART3_IRQHandler)
    i.USART_ClearFlag                        0x08000c30   Section        0  stm32f4xx_usart.o(i.USART_ClearFlag)
    i.USART_Cmd                              0x08000c42   Section        0  stm32f4xx_usart.o(i.USART_Cmd)
    i.USART_GetITStatus                      0x08000c5a   Section        0  stm32f4xx_usart.o(i.USART_GetITStatus)
    i.USART_ITConfig                         0x08000cae   Section        0  stm32f4xx_usart.o(i.USART_ITConfig)
    i.USART_Init                             0x08000cf8   Section        0  stm32f4xx_usart.o(i.USART_Init)
    i.USART_ReceiveData                      0x08000dcc   Section        0  stm32f4xx_usart.o(i.USART_ReceiveData)
    i.USART_SendData                         0x08000dd6   Section        0  stm32f4xx_usart.o(i.USART_SendData)
    i.UsageFault_Handler                     0x08000dde   Section        0  stm32f4xx_it.o(i.UsageFault_Handler)
    i.__set_PRIMASK                          0x08000de2   Section        0  bsp_timer.o(i.__set_PRIMASK)
    __set_PRIMASK                            0x08000de3   Thumb Code     6  bsp_timer.o(i.__set_PRIMASK)
    i.bsp_Config                             0x08000de8   Section        0  bsp.o(i.bsp_Config)
    i.bsp_GPIOClcokCmd                       0x08000dfc   Section        0  bsp.o(i.bsp_GPIOClcokCmd)
    i.bsp_GetGPIORCC                         0x08000e10   Section        0  bsp.o(i.bsp_GetGPIORCC)
    i.bsp_KeyConfig                          0x08000e94   Section        0  bsp_key.o(i.bsp_KeyConfig)
    i.bsp_KeyDetect                          0x08000ea0   Section        0  bsp_key.o(i.bsp_KeyDetect)
    i.bsp_KeyFifoConfig                      0x08000f64   Section        0  bsp_key.o(i.bsp_KeyFifoConfig)
    i.bsp_KeyGPIOConfig                      0x08000fd0   Section        0  bsp_key.o(i.bsp_KeyGPIOConfig)
    i.bsp_KeyScan                            0x0800101c   Section        0  bsp_key.o(i.bsp_KeyScan)
    i.bsp_LedConfig                          0x08001044   Section        0  bsp_led.o(i.bsp_LedConfig)
    i.bsp_LedGPIOConfig                      0x08001058   Section        0  bsp_led.o(i.bsp_LedGPIOConfig)
    i.bsp_LedToggle                          0x080010dc   Section        0  bsp_led.o(i.bsp_LedToggle)
    i.bsp_PutKey                             0x08001150   Section        0  bsp_key.o(i.bsp_PutKey)
    i.bsp_TimerDelayMs                       0x08001170   Section        0  bsp_timer.o(i.bsp_TimerDelayMs)
    i.bsp_TimerDelayUs                       0x080011b0   Section        0  bsp_timer.o(i.bsp_TimerDelayUs)
    i.bsp_TimerSoftConfig                    0x08001204   Section        0  bsp_timer.o(i.bsp_TimerSoftConfig)
    i.bsp_TimerSoftDec                       0x080012a0   Section        0  bsp_timer.o(i.bsp_TimerSoftDec)
    bsp_TimerSoftDec                         0x080012a1   Thumb Code    40  bsp_timer.o(i.bsp_TimerSoftDec)
    i.bsp_TimerSoftSetCallBack               0x080012c8   Section        0  bsp_timer.o(i.bsp_TimerSoftSetCallBack)
    i.bsp_TimerSoftStart                     0x080012e0   Section        0  bsp_timer.o(i.bsp_TimerSoftStart)
    i.bsp_UsartConfig                        0x08001328   Section        0  bsp_uasrt.o(i.bsp_UsartConfig)
    i.bsp_UsartGPIOConfig                    0x08001338   Section        0  bsp_uasrt.o(i.bsp_UsartGPIOConfig)
    i.bsp_UsartIRQHandler                    0x08001488   Section        0  bsp_uasrt.o(i.bsp_UsartIRQHandler)
    i.bsp_UsartNVICConfig                    0x08001548   Section        0  bsp_uasrt.o(i.bsp_UsartNVICConfig)
    i.bsp_UsartPut                           0x08001588   Section        0  bsp_uasrt.o(i.bsp_UsartPut)
    i.bsp_UsartStructConfig                  0x080015b0   Section        0  bsp_uasrt.o(i.bsp_UsartStructConfig)
    i.main                                   0x08001620   Section        0  main.o(i.main)
    i.robot_Config                           0x08001660   Section        0  robot.o(i.robot_Config)
    i.robot_Detect                           0x08001674   Section        0  robot_detect.o(i.robot_Detect)
    i.robot_EgdeDetect                       0x0800169c   Section        0  robot_detect.o(i.robot_EgdeDetect)
    i.robot_GetMode                          0x080019c0   Section        0  robot.o(i.robot_GetMode)
    i.robot_ModeSwitchConfig                 0x08001a00   Section        0  robot.o(i.robot_ModeSwitchConfig)
    i.robot_MotorConfig                      0x08001a5c   Section        0  robot_motor.o(i.robot_MotorConfig)
    i.robot_MotorControlConfig               0x08001a6c   Section        0  robot_motor.o(i.robot_MotorControlConfig)
    i.robot_MotorMove                        0x08001acc   Section        0  robot_motor.o(i.robot_MotorMove)
    i.robot_MotorPWMConfig                   0x08001b18   Section        0  robot_motor.o(i.robot_MotorPWMConfig)
    i.robot_MotorStrConfig                   0x08001bcc   Section        0  robot_motor.o(i.robot_MotorStrConfig)
    i.robot_OutOfBounds                      0x08001c34   Section        0  robot_motor.o(i.robot_OutOfBounds)
    i.robot_ParaConfig                       0x08001d38   Section        0  robot.o(i.robot_ParaConfig)
    i.robot_PeriDetect                       0x08001da4   Section        0  robot_detect.o(i.robot_PeriDetect)
    i.robot_PhoADC_CHConfig                  0x08002124   Section        0  robot_sensor.o(i.robot_PhoADC_CHConfig)
    i.robot_PhoADC_DMAConfig                 0x08002210   Section        0  robot_sensor.o(i.robot_PhoADC_DMAConfig)
    i.robot_PhoADC_GPIOConfig                0x0800227c   Section        0  robot_sensor.o(i.robot_PhoADC_GPIOConfig)
    i.robot_PhoADC_TIMConfig                 0x0800230c   Section        0  robot_sensor.o(i.robot_PhoADC_TIMConfig)
    i.robot_PhotoelectricConfig              0x080023c4   Section        0  robot_sensor.o(i.robot_PhotoelectricConfig)
    i.robot_RangingConfig                    0x08002454   Section        0  robot_sensor.o(i.robot_RangingConfig)
    i.robot_SensorConfig                     0x08002468   Section        0  robot_sensor.o(i.robot_SensorConfig)
    i.robot_SetDirction                      0x08002474   Section        0  robot_motor.o(i.robot_SetDirction)
    i.robot_ShowState                        0x080024e4   Section        0  robot.o(i.robot_ShowState)
    i.robot_UpPlatform                       0x0800250c   Section        0  robot_motor.o(i.robot_UpPlatform)
    i.runActionGroup                         0x08002580   Section        0  robot_servo.o(i.runActionGroup)
    i.uartWriteBuf                           0x080025b0   Section        0  robot_servo.o(i.uartWriteBuf)
    x$fpl$fpinit                             0x080025e0   Section       10  fpinit.o(x$fpl$fpinit)
    $v0                                      0x080025e0   Number         0  fpinit.o(x$fpl$fpinit)
    .constdata                               0x080025ec   Section      168  robot_sensor.o(.constdata)
    .data                                    0x20000000   Section       20  system_stm32f4xx.o(.data)
    .data                                    0x20000014   Section       16  stm32f4xx_rcc.o(.data)
    APBAHBPrescTable                         0x20000014   Data          16  stm32f4xx_rcc.o(.data)
    .data                                    0x20000024   Section        1  bsp_led.o(.data)
    IsLedConfig                              0x20000024   Data           1  bsp_led.o(.data)
    .data                                    0x20000028   Section       40  bsp_timer.o(.data)
    s_uiDelayCount                           0x20000028   Data           4  bsp_timer.o(.data)
    s_ucTimeOutFlag                          0x2000002c   Data           1  bsp_timer.o(.data)
    s_ucUsedTIM                              0x20000034   Data           1  bsp_timer.o(.data)
    TIM1_CallBack                            0x20000038   Data           4  bsp_timer.o(.data)
    TIM2_CallBack                            0x2000003c   Data           4  bsp_timer.o(.data)
    TIM3_CallBack                            0x20000040   Data           4  bsp_timer.o(.data)
    TIM4_CallBack                            0x20000044   Data           4  bsp_timer.o(.data)
    TIM5_CallBack                            0x20000048   Data           4  bsp_timer.o(.data)
    TIM6_CallBack                            0x2000004c   Data           4  bsp_timer.o(.data)
    .data                                    0x20000050   Section       26  robot_detect.o(.data)
    FirstEdgeDetect                          0x20000058   Data           4  robot_detect.o(.data)
    SecondEdgeDetect                         0x2000005c   Data           4  robot_detect.o(.data)
    DetectCount                              0x20000060   Data           4  robot_detect.o(.data)
    DetectEdgeFlag                           0x20000064   Data           1  robot_detect.o(.data)
    LastGrayValue                            0x20000066   Data           2  robot_detect.o(.data)
    CurGrayValue                             0x20000068   Data           2  robot_detect.o(.data)
    .data                                    0x2000006a   Section        1  robot_sensor.o(.data)
    .bss                                     0x2000006c   Section       64  bsp_key.o(.bss)
    bsp_key_fifo                             0x2000006c   Data          13  bsp_key.o(.bss)
    bsp_key                                  0x2000007c   Data          48  bsp_key.o(.bss)
    .bss                                     0x200000ac   Section       64  bsp_timer.o(.bss)
    .bss                                     0x200000ec   Section     4176  bsp_uasrt.o(.bss)
    Usart1_Info                              0x200000ec   Data          40  bsp_uasrt.o(.bss)
    Usart1TxBuff                             0x20000114   Data        1024  bsp_uasrt.o(.bss)
    Usart1RxBuff                             0x20000514   Data        1024  bsp_uasrt.o(.bss)
    Usart3_Info                              0x20000914   Data          40  bsp_uasrt.o(.bss)
    Usart3TxBuff                             0x2000093c   Data        1024  bsp_uasrt.o(.bss)
    Usart3RxBuff                             0x20000d3c   Data        1024  bsp_uasrt.o(.bss)
    .bss                                     0x2000113c   Section       68  robot.o(.bss)
    .bss                                     0x20001180   Section       18  robot_detect.o(.bss)
    .bss                                     0x20001192   Section      144  robot_servo.o(.bss)
    .bss                                     0x20001224   Section       96  libspace.o(.bss)
    HEAP                                     0x20001288   Section      512  startup_stm32f40_41xxx.o(HEAP)
    Heap_Mem                                 0x20001288   Data         512  startup_stm32f40_41xxx.o(HEAP)
    STACK                                    0x20001488   Section     1024  startup_stm32f40_41xxx.o(STACK)
    Stack_Mem                                0x20001488   Data        1024  startup_stm32f40_41xxx.o(STACK)
    __initial_sp                             0x20001888   Data           0  startup_stm32f40_41xxx.o(STACK)

    Global Symbols

    Symbol Name                              Value     Ov Type        Size  Object(Section)

    BuildAttributes$$THM_ISAv4$E$P$D$K$B$S$7EM$VFPi3$EXTD16$VFPS$VFMA$PE$A:L22UL41UL21$X:L11$S22US41US21$IEEE1$IW$USESV6$~STKCKD$USESV7$~SHL$OTIME$ROPI$IEEEJ$EBA8$UX$STANDARDLIB$REQ8$PRES8$EABIv2 0x00000000   Number         0  anon$$obj.o ABSOLUTE
    __ARM_use_no_argv                        0x00000000   Number         0  main.o ABSOLUTE
    _printf_flags                            0x00000000   Number         0  printf_stubs.o ABSOLUTE
    _printf_return_value                     0x00000000   Number         0  printf_stubs.o ABSOLUTE
    _printf_sizespec                         0x00000000   Number         0  printf_stubs.o ABSOLUTE
    _printf_widthprec                        0x00000000   Number         0  printf_stubs.o ABSOLUTE
    __ARM_exceptions_init                     - Undefined Weak Reference
    __alloca_initialize                       - Undefined Weak Reference
    __arm_preinit_                            - Undefined Weak Reference
    __cpp_initialize__aeabi_                  - Undefined Weak Reference
    __cxa_finalize                            - Undefined Weak Reference
    __sigvec_lookup                           - Undefined Weak Reference
    _atexit_init                              - Undefined Weak Reference
    _call_atexit_fns                          - Undefined Weak Reference
    _clock_init                               - Undefined Weak Reference
    _fp_trap_init                             - Undefined Weak Reference
    _fp_trap_shutdown                         - Undefined Weak Reference
    _get_lc_collate                           - Undefined Weak Reference
    _get_lc_monetary                          - Undefined Weak Reference
    _get_lc_time                              - Undefined Weak Reference
    _getenv_init                              - Undefined Weak Reference
    _handle_redirection                       - Undefined Weak Reference
    _init_alloc                               - Undefined Weak Reference
    _init_user_alloc                          - Undefined Weak Reference
    _initio                                   - Undefined Weak Reference
    _printf_mbtowc                            - Undefined Weak Reference
    _printf_wc                                - Undefined Weak Reference
    _rand_init                                - Undefined Weak Reference
    _signal_finish                            - Undefined Weak Reference
    _signal_init                              - Undefined Weak Reference
    _terminate_alloc                          - Undefined Weak Reference
    _terminate_user_alloc                     - Undefined Weak Reference
    _terminateio                              - Undefined Weak Reference
    __Vectors_Size                           0x00000188   Number         0  startup_stm32f40_41xxx.o ABSOLUTE
    __Vectors                                0x08000000   Data           4  startup_stm32f40_41xxx.o(RESET)
    __Vectors_End                            0x08000188   Data           0  startup_stm32f40_41xxx.o(RESET)
    __main                                   0x08000189   Thumb Code     8  __main.o(!!!main)
    __scatterload                            0x08000191   Thumb Code     0  __scatter.o(!!!scatter)
    __scatterload_rt2                        0x08000191   Thumb Code    44  __scatter.o(!!!scatter)
    __scatterload_rt2_thumb_only             0x08000191   Thumb Code     0  __scatter.o(!!!scatter)
    __scatterload_null                       0x0800019f   Thumb Code     0  __scatter.o(!!!scatter)
    __scatterload_copy                       0x080001c5   Thumb Code    26  __scatter_copy.o(!!handler_copy)
    __scatterload_zeroinit                   0x080001e1   Thumb Code    28  __scatter_zi.o(!!handler_zi)
    __rt_lib_init                            0x080001fd   Thumb Code     0  libinit.o(.ARM.Collect$$libinit$$00000000)
    __rt_lib_init_fp_1                       0x080001ff   Thumb Code     0  libinit2.o(.ARM.Collect$$libinit$$00000001)
    __rt_lib_init_alloca_1                   0x08000203   Thumb Code     0  libinit2.o(.ARM.Collect$$libinit$$0000002E)
    __rt_lib_init_argv_1                     0x08000203   Thumb Code     0  libinit2.o(.ARM.Collect$$libinit$$0000002C)
    __rt_lib_init_atexit_1                   0x08000203   Thumb Code     0  libinit2.o(.ARM.Collect$$libinit$$0000001B)
    __rt_lib_init_clock_1                    0x08000203   Thumb Code     0  libinit2.o(.ARM.Collect$$libinit$$00000021)
    __rt_lib_init_cpp_1                      0x08000203   Thumb Code     0  libinit2.o(.ARM.Collect$$libinit$$00000032)
    __rt_lib_init_exceptions_1               0x08000203   Thumb Code     0  libinit2.o(.ARM.Collect$$libinit$$00000030)
    __rt_lib_init_fp_trap_1                  0x08000203   Thumb Code     0  libinit2.o(.ARM.Collect$$libinit$$0000001F)
    __rt_lib_init_getenv_1                   0x08000203   Thumb Code     0  libinit2.o(.ARM.Collect$$libinit$$00000023)
    __rt_lib_init_heap_1                     0x08000203   Thumb Code     0  libinit2.o(.ARM.Collect$$libinit$$0000000A)
    __rt_lib_init_lc_collate_1               0x08000203   Thumb Code     0  libinit2.o(.ARM.Collect$$libinit$$00000011)
    __rt_lib_init_lc_ctype_1                 0x08000203   Thumb Code     0  libinit2.o(.ARM.Collect$$libinit$$00000013)
    __rt_lib_init_lc_monetary_1              0x08000203   Thumb Code     0  libinit2.o(.ARM.Collect$$libinit$$00000015)
    __rt_lib_init_lc_numeric_1               0x08000203   Thumb Code     0  libinit2.o(.ARM.Collect$$libinit$$00000017)
    __rt_lib_init_lc_time_1                  0x08000203   Thumb Code     0  libinit2.o(.ARM.Collect$$libinit$$00000019)
    __rt_lib_init_preinit_1                  0x08000203   Thumb Code     0  libinit2.o(.ARM.Collect$$libinit$$00000004)
    __rt_lib_init_rand_1                     0x08000203   Thumb Code     0  libinit2.o(.ARM.Collect$$libinit$$0000000E)
    __rt_lib_init_return                     0x08000203   Thumb Code     0  libinit2.o(.ARM.Collect$$libinit$$00000033)
    __rt_lib_init_signal_1                   0x08000203   Thumb Code     0  libinit2.o(.ARM.Collect$$libinit$$0000001D)
    __rt_lib_init_stdio_1                    0x08000203   Thumb Code     0  libinit2.o(.ARM.Collect$$libinit$$00000025)
    __rt_lib_init_user_alloc_1               0x08000203   Thumb Code     0  libinit2.o(.ARM.Collect$$libinit$$0000000C)
    __rt_lib_shutdown                        0x08000205   Thumb Code     0  libshutdown.o(.ARM.Collect$$libshutdown$$00000000)
    __rt_lib_shutdown_cpp_1                  0x08000207   Thumb Code     0  libshutdown2.o(.ARM.Collect$$libshutdown$$00000002)
    __rt_lib_shutdown_fp_trap_1              0x08000207   Thumb Code     0  libshutdown2.o(.ARM.Collect$$libshutdown$$00000007)
    __rt_lib_shutdown_heap_1                 0x08000207   Thumb Code     0  libshutdown2.o(.ARM.Collect$$libshutdown$$0000000F)
    __rt_lib_shutdown_return                 0x08000207   Thumb Code     0  libshutdown2.o(.ARM.Collect$$libshutdown$$00000010)
    __rt_lib_shutdown_signal_1               0x08000207   Thumb Code     0  libshutdown2.o(.ARM.Collect$$libshutdown$$0000000A)
    __rt_lib_shutdown_stdio_1                0x08000207   Thumb Code     0  libshutdown2.o(.ARM.Collect$$libshutdown$$00000004)
    __rt_lib_shutdown_user_alloc_1           0x08000207   Thumb Code     0  libshutdown2.o(.ARM.Collect$$libshutdown$$0000000C)
    __rt_entry                               0x08000209   Thumb Code     0  __rtentry.o(.ARM.Collect$$rtentry$$00000000)
    __rt_entry_presh_1                       0x08000209   Thumb Code     0  __rtentry2.o(.ARM.Collect$$rtentry$$00000002)
    __rt_entry_sh                            0x08000209   Thumb Code     0  __rtentry4.o(.ARM.Collect$$rtentry$$00000004)
    __rt_entry_li                            0x0800020f   Thumb Code     0  __rtentry2.o(.ARM.Collect$$rtentry$$0000000A)
    __rt_entry_postsh_1                      0x0800020f   Thumb Code     0  __rtentry2.o(.ARM.Collect$$rtentry$$00000009)
    __rt_entry_main                          0x08000213   Thumb Code     0  __rtentry2.o(.ARM.Collect$$rtentry$$0000000D)
    __rt_entry_postli_1                      0x08000213   Thumb Code     0  __rtentry2.o(.ARM.Collect$$rtentry$$0000000C)
    __rt_exit                                0x0800021b   Thumb Code     0  rtexit.o(.ARM.Collect$$rtexit$$00000000)
    __rt_exit_ls                             0x0800021d   Thumb Code     0  rtexit2.o(.ARM.Collect$$rtexit$$00000003)
    __rt_exit_prels_1                        0x0800021d   Thumb Code     0  rtexit2.o(.ARM.Collect$$rtexit$$00000002)
    __rt_exit_exit                           0x08000221   Thumb Code     0  rtexit2.o(.ARM.Collect$$rtexit$$00000004)
    Reset_Handler                            0x08000229   Thumb Code     8  startup_stm32f40_41xxx.o(.text)
    ADC_IRQHandler                           0x08000243   Thumb Code     0  startup_stm32f40_41xxx.o(.text)
    CAN1_RX0_IRQHandler                      0x08000243   Thumb Code     0  startup_stm32f40_41xxx.o(.text)
    CAN1_RX1_IRQHandler                      0x08000243   Thumb Code     0  startup_stm32f40_41xxx.o(.text)
    CAN1_SCE_IRQHandler                      0x08000243   Thumb Code     0  startup_stm32f40_41xxx.o(.text)
    CAN1_TX_IRQHandler                       0x08000243   Thumb Code     0  startup_stm32f40_41xxx.o(.text)
    CAN2_RX0_IRQHandler                      0x08000243   Thumb Code     0  startup_stm32f40_41xxx.o(.text)
    CAN2_RX1_IRQHandler                      0x08000243   Thumb Code     0  startup_stm32f40_41xxx.o(.text)
    CAN2_SCE_IRQHandler                      0x08000243   Thumb Code     0  startup_stm32f40_41xxx.o(.text)
    CAN2_TX_IRQHandler                       0x08000243   Thumb Code     0  startup_stm32f40_41xxx.o(.text)
    CRYP_IRQHandler                          0x08000243   Thumb Code     0  startup_stm32f40_41xxx.o(.text)
    DCMI_IRQHandler                          0x08000243   Thumb Code     0  startup_stm32f40_41xxx.o(.text)
    DMA1_Stream0_IRQHandler                  0x08000243   Thumb Code     0  startup_stm32f40_41xxx.o(.text)
    DMA1_Stream1_IRQHandler                  0x08000243   Thumb Code     0  startup_stm32f40_41xxx.o(.text)
    DMA1_Stream2_IRQHandler                  0x08000243   Thumb Code     0  startup_stm32f40_41xxx.o(.text)
    DMA1_Stream3_IRQHandler                  0x08000243   Thumb Code     0  startup_stm32f40_41xxx.o(.text)
    DMA1_Stream4_IRQHandler                  0x08000243   Thumb Code     0  startup_stm32f40_41xxx.o(.text)
    DMA1_Stream5_IRQHandler                  0x08000243   Thumb Code     0  startup_stm32f40_41xxx.o(.text)
    DMA1_Stream6_IRQHandler                  0x08000243   Thumb Code     0  startup_stm32f40_41xxx.o(.text)
    DMA1_Stream7_IRQHandler                  0x08000243   Thumb Code     0  startup_stm32f40_41xxx.o(.text)
    DMA2_Stream0_IRQHandler                  0x08000243   Thumb Code     0  startup_stm32f40_41xxx.o(.text)
    DMA2_Stream1_IRQHandler                  0x08000243   Thumb Code     0  startup_stm32f40_41xxx.o(.text)
    DMA2_Stream2_IRQHandler                  0x08000243   Thumb Code     0  startup_stm32f40_41xxx.o(.text)
    DMA2_Stream3_IRQHandler                  0x08000243   Thumb Code     0  startup_stm32f40_41xxx.o(.text)
    DMA2_Stream4_IRQHandler                  0x08000243   Thumb Code     0  startup_stm32f40_41xxx.o(.text)
    DMA2_Stream5_IRQHandler                  0x08000243   Thumb Code     0  startup_stm32f40_41xxx.o(.text)
    DMA2_Stream6_IRQHandler                  0x08000243   Thumb Code     0  startup_stm32f40_41xxx.o(.text)
    DMA2_Stream7_IRQHandler                  0x08000243   Thumb Code     0  startup_stm32f40_41xxx.o(.text)
    ETH_IRQHandler                           0x08000243   Thumb Code     0  startup_stm32f40_41xxx.o(.text)
    ETH_WKUP_IRQHandler                      0x08000243   Thumb Code     0  startup_stm32f40_41xxx.o(.text)
    EXTI0_IRQHandler                         0x08000243   Thumb Code     0  startup_stm32f40_41xxx.o(.text)
    EXTI15_10_IRQHandler                     0x08000243   Thumb Code     0  startup_stm32f40_41xxx.o(.text)
    EXTI1_IRQHandler                         0x08000243   Thumb Code     0  startup_stm32f40_41xxx.o(.text)
    EXTI2_IRQHandler                         0x08000243   Thumb Code     0  startup_stm32f40_41xxx.o(.text)
    EXTI3_IRQHandler                         0x08000243   Thumb Code     0  startup_stm32f40_41xxx.o(.text)
    EXTI4_IRQHandler                         0x08000243   Thumb Code     0  startup_stm32f40_41xxx.o(.text)
    EXTI9_5_IRQHandler                       0x08000243   Thumb Code     0  startup_stm32f40_41xxx.o(.text)
    FLASH_IRQHandler                         0x08000243   Thumb Code     0  startup_stm32f40_41xxx.o(.text)
    FPU_IRQHandler                           0x08000243   Thumb Code     0  startup_stm32f40_41xxx.o(.text)
    FSMC_IRQHandler                          0x08000243   Thumb Code     0  startup_stm32f40_41xxx.o(.text)
    HASH_RNG_IRQHandler                      0x08000243   Thumb Code     0  startup_stm32f40_41xxx.o(.text)
    I2C1_ER_IRQHandler                       0x08000243   Thumb Code     0  startup_stm32f40_41xxx.o(.text)
    I2C1_EV_IRQHandler                       0x08000243   Thumb Code     0  startup_stm32f40_41xxx.o(.text)
    I2C2_ER_IRQHandler                       0x08000243   Thumb Code     0  startup_stm32f40_41xxx.o(.text)
    I2C2_EV_IRQHandler                       0x08000243   Thumb Code     0  startup_stm32f40_41xxx.o(.text)
    I2C3_ER_IRQHandler                       0x08000243   Thumb Code     0  startup_stm32f40_41xxx.o(.text)
    I2C3_EV_IRQHandler                       0x08000243   Thumb Code     0  startup_stm32f40_41xxx.o(.text)
    OTG_FS_IRQHandler                        0x08000243   Thumb Code     0  startup_stm32f40_41xxx.o(.text)
    OTG_FS_WKUP_IRQHandler                   0x08000243   Thumb Code     0  startup_stm32f40_41xxx.o(.text)
    OTG_HS_EP1_IN_IRQHandler                 0x08000243   Thumb Code     0  startup_stm32f40_41xxx.o(.text)
    OTG_HS_EP1_OUT_IRQHandler                0x08000243   Thumb Code     0  startup_stm32f40_41xxx.o(.text)
    OTG_HS_IRQHandler                        0x08000243   Thumb Code     0  startup_stm32f40_41xxx.o(.text)
    OTG_HS_WKUP_IRQHandler                   0x08000243   Thumb Code     0  startup_stm32f40_41xxx.o(.text)
    PVD_IRQHandler                           0x08000243   Thumb Code     0  startup_stm32f40_41xxx.o(.text)
    RCC_IRQHandler                           0x08000243   Thumb Code     0  startup_stm32f40_41xxx.o(.text)
    RTC_Alarm_IRQHandler                     0x08000243   Thumb Code     0  startup_stm32f40_41xxx.o(.text)
    RTC_WKUP_IRQHandler                      0x08000243   Thumb Code     0  startup_stm32f40_41xxx.o(.text)
    SDIO_IRQHandler                          0x08000243   Thumb Code     0  startup_stm32f40_41xxx.o(.text)
    SPI1_IRQHandler                          0x08000243   Thumb Code     0  startup_stm32f40_41xxx.o(.text)
    SPI2_IRQHandler                          0x08000243   Thumb Code     0  startup_stm32f40_41xxx.o(.text)
    SPI3_IRQHandler                          0x08000243   Thumb Code     0  startup_stm32f40_41xxx.o(.text)
    TAMP_STAMP_IRQHandler                    0x08000243   Thumb Code     0  startup_stm32f40_41xxx.o(.text)
    TIM1_BRK_TIM9_IRQHandler                 0x08000243   Thumb Code     0  startup_stm32f40_41xxx.o(.text)
    TIM1_CC_IRQHandler                       0x08000243   Thumb Code     0  startup_stm32f40_41xxx.o(.text)
    TIM1_TRG_COM_TIM11_IRQHandler            0x08000243   Thumb Code     0  startup_stm32f40_41xxx.o(.text)
    TIM1_UP_TIM10_IRQHandler                 0x08000243   Thumb Code     0  startup_stm32f40_41xxx.o(.text)
    TIM6_DAC_IRQHandler                      0x08000243   Thumb Code     0  startup_stm32f40_41xxx.o(.text)
    TIM7_IRQHandler                          0x08000243   Thumb Code     0  startup_stm32f40_41xxx.o(.text)
    TIM8_BRK_TIM12_IRQHandler                0x08000243   Thumb Code     0  startup_stm32f40_41xxx.o(.text)
    TIM8_CC_IRQHandler                       0x08000243   Thumb Code     0  startup_stm32f40_41xxx.o(.text)
    TIM8_TRG_COM_TIM14_IRQHandler            0x08000243   Thumb Code     0  startup_stm32f40_41xxx.o(.text)
    TIM8_UP_TIM13_IRQHandler                 0x08000243   Thumb Code     0  startup_stm32f40_41xxx.o(.text)
    UART4_IRQHandler                         0x08000243   Thumb Code     0  startup_stm32f40_41xxx.o(.text)
    UART5_IRQHandler                         0x08000243   Thumb Code     0  startup_stm32f40_41xxx.o(.text)
    USART2_IRQHandler                        0x08000243   Thumb Code     0  startup_stm32f40_41xxx.o(.text)
    USART6_IRQHandler                        0x08000243   Thumb Code     0  startup_stm32f40_41xxx.o(.text)
    WWDG_IRQHandler                          0x08000243   Thumb Code     0  startup_stm32f40_41xxx.o(.text)
    __user_initial_stackheap                 0x08000245   Thumb Code     0  startup_stm32f40_41xxx.o(.text)
    __use_two_region_memory                  0x08000269   Thumb Code     2  heapauxi.o(.text)
    __rt_heap_escrow$2region                 0x0800026b   Thumb Code     2  heapauxi.o(.text)
    __rt_heap_expand$2region                 0x0800026d   Thumb Code     2  heapauxi.o(.text)
    __user_setup_stackheap                   0x0800026f   Thumb Code    74  sys_stackheap_outer.o(.text)
    exit                                     0x080002b9   Thumb Code    18  exit.o(.text)
    __user_libspace                          0x080002cd   Thumb Code     8  libspace.o(.text)
    __user_perproc_libspace                  0x080002cd   Thumb Code     0  libspace.o(.text)
    __user_perthread_libspace                0x080002cd   Thumb Code     0  libspace.o(.text)
    _sys_exit                                0x080002d5   Thumb Code     8  sys_exit.o(.text)
    __I$use$semihosting                      0x080002e1   Thumb Code     0  use_no_semi.o(.text)
    __use_no_semihosting_swi                 0x080002e1   Thumb Code     2  use_no_semi.o(.text)
    ADC_Cmd                                  0x080002e3   Thumb Code    22  stm32f4xx_adc.o(i.ADC_Cmd)
    __semihosting_library_function           0x080002e3   Thumb Code     0  indicate_semi.o(.text)
    ADC_CommonInit                           0x080002f9   Thumb Code    34  stm32f4xx_adc.o(i.ADC_CommonInit)
    ADC_DMACmd                               0x08000329   Thumb Code    22  stm32f4xx_adc.o(i.ADC_DMACmd)
    ADC_DMARequestAfterLastTransferCmd       0x0800033f   Thumb Code    22  stm32f4xx_adc.o(i.ADC_DMARequestAfterLastTransferCmd)
    ADC_Init                                 0x08000355   Thumb Code    74  stm32f4xx_adc.o(i.ADC_Init)
    ADC_RegularChannelConfig                 0x080003a9   Thumb Code   184  stm32f4xx_adc.o(i.ADC_RegularChannelConfig)
    BusFault_Handler                         0x08000461   Thumb Code     4  stm32f4xx_it.o(i.BusFault_Handler)
    DMA_Cmd                                  0x08000465   Thumb Code    22  stm32f4xx_dma.o(i.DMA_Cmd)
    DMA_Init                                 0x0800047d   Thumb Code    82  stm32f4xx_dma.o(i.DMA_Init)
    DebugMon_Handler                         0x080004d5   Thumb Code     2  stm32f4xx_it.o(i.DebugMon_Handler)
    GPIO_Init                                0x080004d7   Thumb Code   144  stm32f4xx_gpio.o(i.GPIO_Init)
    GPIO_PinAFConfig                         0x08000567   Thumb Code    70  stm32f4xx_gpio.o(i.GPIO_PinAFConfig)
    GPIO_ResetBits                           0x080005ad   Thumb Code     4  stm32f4xx_gpio.o(i.GPIO_ResetBits)
    GPIO_SetBits                             0x080005b1   Thumb Code     4  stm32f4xx_gpio.o(i.GPIO_SetBits)
    HardFault_Handler                        0x080005b5   Thumb Code     4  stm32f4xx_it.o(i.HardFault_Handler)
    IsPhoDetected                            0x080005e9   Thumb Code    66  robot_detect.o(i.IsPhoDetected)
    MemManage_Handler                        0x08000635   Thumb Code     4  stm32f4xx_it.o(i.MemManage_Handler)
    NMI_Handler                              0x08000639   Thumb Code     2  stm32f4xx_it.o(i.NMI_Handler)
    NVIC_Init                                0x0800063d   Thumb Code   106  misc.o(i.NVIC_Init)
    PendSV_Handler                           0x080006b5   Thumb Code     2  stm32f4xx_it.o(i.PendSV_Handler)
    RCC_AHB1PeriphClockCmd                   0x080006b9   Thumb Code    26  stm32f4xx_rcc.o(i.RCC_AHB1PeriphClockCmd)
    RCC_APB1PeriphClockCmd                   0x080006d9   Thumb Code    26  stm32f4xx_rcc.o(i.RCC_APB1PeriphClockCmd)
    RCC_APB2PeriphClockCmd                   0x080006f9   Thumb Code    26  stm32f4xx_rcc.o(i.RCC_APB2PeriphClockCmd)
    RCC_APB2PeriphResetCmd                   0x08000719   Thumb Code    26  stm32f4xx_rcc.o(i.RCC_APB2PeriphResetCmd)
    RCC_GetClocksFreq                        0x08000739   Thumb Code   214  stm32f4xx_rcc.o(i.RCC_GetClocksFreq)
    SVC_Handler                              0x08000821   Thumb Code     2  stm32f4xx_it.o(i.SVC_Handler)
    SysTick_Handler                          0x08000911   Thumb Code     8  bsp_timer.o(i.SysTick_Handler)
    SysTick_ISR                              0x08000919   Thumb Code    80  bsp_timer.o(i.SysTick_ISR)
    SystemInit                               0x08000979   Thumb Code    88  system_stm32f4xx.o(i.SystemInit)
    TIM2_IRQHandler                          0x080009e1   Thumb Code     2  bsp_timer.o(i.TIM2_IRQHandler)
    TIM3_IRQHandler                          0x080009e3   Thumb Code     2  bsp_timer.o(i.TIM3_IRQHandler)
    TIM4_IRQHandler                          0x080009e5   Thumb Code     2  bsp_timer.o(i.TIM4_IRQHandler)
    TIM5_IRQHandler                          0x080009e7   Thumb Code     2  bsp_timer.o(i.TIM5_IRQHandler)
    TIM_Cmd                                  0x080009e9   Thumb Code    24  stm32f4xx_tim.o(i.TIM_Cmd)
    TIM_CtrlPWMOutputs                       0x08000a01   Thumb Code    30  stm32f4xx_tim.o(i.TIM_CtrlPWMOutputs)
    TIM_OC1Init                              0x08000a21   Thumb Code   114  stm32f4xx_tim.o(i.TIM_OC1Init)
    TIM_OC1PreloadConfig                     0x08000a9d   Thumb Code    18  stm32f4xx_tim.o(i.TIM_OC1PreloadConfig)
    TIM_OC2Init                              0x08000ab1   Thumb Code   154  stm32f4xx_tim.o(i.TIM_OC2Init)
    TIM_OC2PreloadConfig                     0x08000b55   Thumb Code    26  stm32f4xx_tim.o(i.TIM_OC2PreloadConfig)
    TIM_SetCompare1                          0x08000b6f   Thumb Code     4  stm32f4xx_tim.o(i.TIM_SetCompare1)
    TIM_SetCompare2                          0x08000b73   Thumb Code     4  stm32f4xx_tim.o(i.TIM_SetCompare2)
    TIM_TimeBaseInit                         0x08000b79   Thumb Code   104  stm32f4xx_tim.o(i.TIM_TimeBaseInit)
    TIM_TimeBaseStructInit                   0x08000bfd   Thumb Code    18  stm32f4xx_tim.o(i.TIM_TimeBaseStructInit)
    USART1_IRQHandler                        0x08000c11   Thumb Code    10  bsp_uasrt.o(i.USART1_IRQHandler)
    USART3_IRQHandler                        0x08000c21   Thumb Code    10  bsp_uasrt.o(i.USART3_IRQHandler)
    USART_ClearFlag                          0x08000c31   Thumb Code    18  stm32f4xx_usart.o(i.USART_ClearFlag)
    USART_Cmd                                0x08000c43   Thumb Code    24  stm32f4xx_usart.o(i.USART_Cmd)
    USART_GetITStatus                        0x08000c5b   Thumb Code    84  stm32f4xx_usart.o(i.USART_GetITStatus)
    USART_ITConfig                           0x08000caf   Thumb Code    74  stm32f4xx_usart.o(i.USART_ITConfig)
    USART_Init                               0x08000cf9   Thumb Code   204  stm32f4xx_usart.o(i.USART_Init)
    USART_ReceiveData                        0x08000dcd   Thumb Code    10  stm32f4xx_usart.o(i.USART_ReceiveData)
    USART_SendData                           0x08000dd7   Thumb Code     8  stm32f4xx_usart.o(i.USART_SendData)
    UsageFault_Handler                       0x08000ddf   Thumb Code     4  stm32f4xx_it.o(i.UsageFault_Handler)
    bsp_Config                               0x08000de9   Thumb Code    20  bsp.o(i.bsp_Config)
    bsp_GPIOClcokCmd                         0x08000dfd   Thumb Code    20  bsp.o(i.bsp_GPIOClcokCmd)
    bsp_GetGPIORCC                           0x08000e11   Thumb Code    94  bsp.o(i.bsp_GetGPIORCC)
    bsp_KeyConfig                            0x08000e95   Thumb Code    12  bsp_key.o(i.bsp_KeyConfig)
    bsp_KeyDetect                            0x08000ea1   Thumb Code   190  bsp_key.o(i.bsp_KeyDetect)
    bsp_KeyFifoConfig                        0x08000f65   Thumb Code    86  bsp_key.o(i.bsp_KeyFifoConfig)
    bsp_KeyGPIOConfig                        0x08000fd1   Thumb Code    70  bsp_key.o(i.bsp_KeyGPIOConfig)
    bsp_KeyScan                              0x0800101d   Thumb Code    34  bsp_key.o(i.bsp_KeyScan)
    bsp_LedConfig                            0x08001045   Thumb Code    14  bsp_led.o(i.bsp_LedConfig)
    bsp_LedGPIOConfig                        0x08001059   Thumb Code   122  bsp_led.o(i.bsp_LedGPIOConfig)
    bsp_LedToggle                            0x080010dd   Thumb Code   102  bsp_led.o(i.bsp_LedToggle)
    bsp_PutKey                               0x08001151   Thumb Code    28  bsp_key.o(i.bsp_PutKey)
    bsp_TimerDelayMs                         0x08001171   Thumb Code    54  bsp_timer.o(i.bsp_TimerDelayMs)
    bsp_TimerDelayUs                         0x080011b1   Thumb Code    76  bsp_timer.o(i.bsp_TimerDelayUs)
    bsp_TimerSoftConfig                      0x08001205   Thumb Code   138  bsp_timer.o(i.bsp_TimerSoftConfig)
    bsp_TimerSoftSetCallBack                 0x080012c9   Thumb Code    20  bsp_timer.o(i.bsp_TimerSoftSetCallBack)
    bsp_TimerSoftStart                       0x080012e1   Thumb Code    68  bsp_timer.o(i.bsp_TimerSoftStart)
    bsp_UsartConfig                          0x08001329   Thumb Code    16  bsp_uasrt.o(i.bsp_UsartConfig)
    bsp_UsartGPIOConfig                      0x08001339   Thumb Code   320  bsp_uasrt.o(i.bsp_UsartGPIOConfig)
    bsp_UsartIRQHandler                      0x08001489   Thumb Code   192  bsp_uasrt.o(i.bsp_UsartIRQHandler)
    bsp_UsartNVICConfig                      0x08001549   Thumb Code    64  bsp_uasrt.o(i.bsp_UsartNVICConfig)
    bsp_UsartPut                             0x08001589   Thumb Code    40  bsp_uasrt.o(i.bsp_UsartPut)
    bsp_UsartStructConfig                    0x080015b1   Thumb Code    78  bsp_uasrt.o(i.bsp_UsartStructConfig)
    main                                     0x08001621   Thumb Code    56  main.o(i.main)
    robot_Config                             0x08001661   Thumb Code    20  robot.o(i.robot_Config)
    robot_Detect                             0x08001675   Thumb Code    30  robot_detect.o(i.robot_Detect)
    robot_EgdeDetect                         0x0800169d   Thumb Code   788  robot_detect.o(i.robot_EgdeDetect)
    robot_GetMode                            0x080019c1   Thumb Code    46  robot.o(i.robot_GetMode)
    robot_ModeSwitchConfig                   0x08001a01   Thumb Code    84  robot.o(i.robot_ModeSwitchConfig)
    robot_MotorConfig                        0x08001a5d   Thumb Code    16  robot_motor.o(i.robot_MotorConfig)
    robot_MotorControlConfig                 0x08001a6d   Thumb Code    86  robot_motor.o(i.robot_MotorControlConfig)
    robot_MotorMove                          0x08001acd   Thumb Code    68  robot_motor.o(i.robot_MotorMove)
    robot_MotorPWMConfig                     0x08001b19   Thumb Code   172  robot_motor.o(i.robot_MotorPWMConfig)
    robot_MotorStrConfig                     0x08001bcd   Thumb Code   100  robot_motor.o(i.robot_MotorStrConfig)
    robot_OutOfBounds                        0x08001c35   Thumb Code   254  robot_motor.o(i.robot_OutOfBounds)
    robot_ParaConfig                         0x08001d39   Thumb Code   104  robot.o(i.robot_ParaConfig)
    robot_PeriDetect                         0x08001da5   Thumb Code   884  robot_detect.o(i.robot_PeriDetect)
    robot_PhoADC_CHConfig                    0x08002125   Thumb Code   230  robot_sensor.o(i.robot_PhoADC_CHConfig)
    robot_PhoADC_DMAConfig                   0x08002211   Thumb Code    94  robot_sensor.o(i.robot_PhoADC_DMAConfig)
    robot_PhoADC_GPIOConfig                  0x0800227d   Thumb Code   136  robot_sensor.o(i.robot_PhoADC_GPIOConfig)
    robot_PhoADC_TIMConfig                   0x0800230d   Thumb Code   166  robot_sensor.o(i.robot_PhoADC_TIMConfig)
    robot_PhotoelectricConfig                0x080023c5   Thumb Code   134  robot_sensor.o(i.robot_PhotoelectricConfig)
    robot_RangingConfig                      0x08002455   Thumb Code    20  robot_sensor.o(i.robot_RangingConfig)
    robot_SensorConfig                       0x08002469   Thumb Code    12  robot_sensor.o(i.robot_SensorConfig)
    robot_SetDirction                        0x08002475   Thumb Code    98  robot_motor.o(i.robot_SetDirction)
    robot_ShowState                          0x080024e5   Thumb Code    34  robot.o(i.robot_ShowState)
    robot_UpPlatform                         0x0800250d   Thumb Code    98  robot_motor.o(i.robot_UpPlatform)
    runActionGroup                           0x08002581   Thumb Code    42  robot_servo.o(i.runActionGroup)
    uartWriteBuf                             0x080025b1   Thumb Code    44  robot_servo.o(i.uartWriteBuf)
    _fp_init                                 0x080025e1   Thumb Code    10  fpinit.o(x$fpl$fpinit)
    __fplib_config_fpu_vfp                   0x080025e9   Thumb Code     0  fpinit.o(x$fpl$fpinit)
    __fplib_config_pureend_doubles           0x080025e9   Thumb Code     0  fpinit.o(x$fpl$fpinit)
    SampleFreqTable                          0x080025ec   Data         168  robot_sensor.o(.constdata)
    Region$$Table$$Base                      0x08002694   Number         0  anon$$obj.o(Region$$Table)
    Region$$Table$$Limit                     0x080026b4   Number         0  anon$$obj.o(Region$$Table)
    SystemCoreClock                          0x20000000   Data           4  system_stm32f4xx.o(.data)
    AHBPrescTable                            0x20000004   Data          16  system_stm32f4xx.o(.data)
    g_iRunTime                               0x20000030   Data           4  bsp_timer.o(.data)
    IsActionCompelete                        0x20000050   Data           1  robot_detect.o(.data)
    flag                                     0x20000051   Data           1  robot_detect.o(.data)
    EdgeTime                                 0x20000054   Data           4  robot_detect.o(.data)
    SampleTime                               0x2000006a   Data           1  robot_sensor.o(.data)
    SoftTimer                                0x200000ac   Data          64  bsp_timer.o(.bss)
    Robot                                    0x2000113c   Data          68  robot.o(.bss)
    ADC1ConvValue                            0x20001180   Data          18  robot_detect.o(.bss)
    LobotTxBuf                               0x20001192   Data         128  robot_servo.o(.bss)
    LobotRxBuf                               0x20001212   Data          16  robot_servo.o(.bss)
    __libspace_start                         0x20001224   Data          96  libspace.o(.bss)
    __temporary_stack_top$libspace           0x20001284   Data           0  libspace.o(.bss)



==============================================================================

Memory Map of the image

  Image Entry point : 0x08000189

  Load Region LR_IROM1 (Base: 0x08000000, Size: 0x00002720, Max: 0x00100000, ABSOLUTE)

    Execution Region ER_IROM1 (Base: 0x08000000, Size: 0x000026b4, Max: 0x00100000, ABSOLUTE)

    Base Addr    Size         Type   Attr      Idx    E Section Name        Object

    0x08000000   0x00000188   Data   RO          301    RESET               startup_stm32f40_41xxx.o
    0x08000188   0x00000008   Code   RO         2779  * !!!main             c_w.l(__main.o)
    0x08000190   0x00000034   Code   RO         3100    !!!scatter          c_w.l(__scatter.o)
    0x080001c4   0x0000001a   Code   RO         3102    !!handler_copy      c_w.l(__scatter_copy.o)
    0x080001de   0x00000002   PAD
    0x080001e0   0x0000001c   Code   RO         3104    !!handler_zi        c_w.l(__scatter_zi.o)
    0x080001fc   0x00000002   Code   RO         2960    .ARM.Collect$$libinit$$00000000  c_w.l(libinit.o)
    0x080001fe   0x00000004   Code   RO         2976    .ARM.Collect$$libinit$$00000001  c_w.l(libinit2.o)
    0x08000202   0x00000000   Code   RO         2979    .ARM.Collect$$libinit$$00000004  c_w.l(libinit2.o)
    0x08000202   0x00000000   Code   RO         2982    .ARM.Collect$$libinit$$0000000A  c_w.l(libinit2.o)
    0x08000202   0x00000000   Code   RO         2984    .ARM.Collect$$libinit$$0000000C  c_w.l(libinit2.o)
    0x08000202   0x00000000   Code   RO         2986    .ARM.Collect$$libinit$$0000000E  c_w.l(libinit2.o)
    0x08000202   0x00000000   Code   RO         2989    .ARM.Collect$$libinit$$00000011  c_w.l(libinit2.o)
    0x08000202   0x00000000   Code   RO         2991    .ARM.Collect$$libinit$$00000013  c_w.l(libinit2.o)
    0x08000202   0x00000000   Code   RO         2993    .ARM.Collect$$libinit$$00000015  c_w.l(libinit2.o)
    0x08000202   0x00000000   Code   RO         2995    .ARM.Collect$$libinit$$00000017  c_w.l(libinit2.o)
    0x08000202   0x00000000   Code   RO         2997    .ARM.Collect$$libinit$$00000019  c_w.l(libinit2.o)
    0x08000202   0x00000000   Code   RO         2999    .ARM.Collect$$libinit$$0000001B  c_w.l(libinit2.o)
    0x08000202   0x00000000   Code   RO         3001    .ARM.Collect$$libinit$$0000001D  c_w.l(libinit2.o)
    0x08000202   0x00000000   Code   RO         3003    .ARM.Collect$$libinit$$0000001F  c_w.l(libinit2.o)
    0x08000202   0x00000000   Code   RO         3005    .ARM.Collect$$libinit$$00000021  c_w.l(libinit2.o)
    0x08000202   0x00000000   Code   RO         3007    .ARM.Collect$$libinit$$00000023  c_w.l(libinit2.o)
    0x08000202   0x00000000   Code   RO         3009    .ARM.Collect$$libinit$$00000025  c_w.l(libinit2.o)
    0x08000202   0x00000000   Code   RO         3013    .ARM.Collect$$libinit$$0000002C  c_w.l(libinit2.o)
    0x08000202   0x00000000   Code   RO         3015    .ARM.Collect$$libinit$$0000002E  c_w.l(libinit2.o)
    0x08000202   0x00000000   Code   RO         3017    .ARM.Collect$$libinit$$00000030  c_w.l(libinit2.o)
    0x08000202   0x00000000   Code   RO         3019    .ARM.Collect$$libinit$$00000032  c_w.l(libinit2.o)
    0x08000202   0x00000002   Code   RO         3020    .ARM.Collect$$libinit$$00000033  c_w.l(libinit2.o)
    0x08000204   0x00000002   Code   RO         3040    .ARM.Collect$$libshutdown$$00000000  c_w.l(libshutdown.o)
    0x08000206   0x00000000   Code   RO         3053    .ARM.Collect$$libshutdown$$00000002  c_w.l(libshutdown2.o)
    0x08000206   0x00000000   Code   RO         3055    .ARM.Collect$$libshutdown$$00000004  c_w.l(libshutdown2.o)
    0x08000206   0x00000000   Code   RO         3058    .ARM.Collect$$libshutdown$$00000007  c_w.l(libshutdown2.o)
    0x08000206   0x00000000   Code   RO         3061    .ARM.Collect$$libshutdown$$0000000A  c_w.l(libshutdown2.o)
    0x08000206   0x00000000   Code   RO         3063    .ARM.Collect$$libshutdown$$0000000C  c_w.l(libshutdown2.o)
    0x08000206   0x00000000   Code   RO         3066    .ARM.Collect$$libshutdown$$0000000F  c_w.l(libshutdown2.o)
    0x08000206   0x00000002   Code   RO         3067    .ARM.Collect$$libshutdown$$00000010  c_w.l(libshutdown2.o)
    0x08000208   0x00000000   Code   RO         2781    .ARM.Collect$$rtentry$$00000000  c_w.l(__rtentry.o)
    0x08000208   0x00000000   Code   RO         2882    .ARM.Collect$$rtentry$$00000002  c_w.l(__rtentry2.o)
    0x08000208   0x00000006   Code   RO         2894    .ARM.Collect$$rtentry$$00000004  c_w.l(__rtentry4.o)
    0x0800020e   0x00000000   Code   RO         2884    .ARM.Collect$$rtentry$$00000009  c_w.l(__rtentry2.o)
    0x0800020e   0x00000004   Code   RO         2885    .ARM.Collect$$rtentry$$0000000A  c_w.l(__rtentry2.o)
    0x08000212   0x00000000   Code   RO         2887    .ARM.Collect$$rtentry$$0000000C  c_w.l(__rtentry2.o)
    0x08000212   0x00000008   Code   RO         2888    .ARM.Collect$$rtentry$$0000000D  c_w.l(__rtentry2.o)
    0x0800021a   0x00000002   Code   RO         2969    .ARM.Collect$$rtexit$$00000000  c_w.l(rtexit.o)
    0x0800021c   0x00000000   Code   RO         3022    .ARM.Collect$$rtexit$$00000002  c_w.l(rtexit2.o)
    0x0800021c   0x00000004   Code   RO         3023    .ARM.Collect$$rtexit$$00000003  c_w.l(rtexit2.o)
    0x08000220   0x00000006   Code   RO         3024    .ARM.Collect$$rtexit$$00000004  c_w.l(rtexit2.o)
    0x08000226   0x00000002   PAD
    0x08000228   0x00000040   Code   RO          302    .text               startup_stm32f40_41xxx.o
    0x08000268   0x00000006   Code   RO         2777    .text               c_w.l(heapauxi.o)
    0x0800026e   0x0000004a   Code   RO         2914    .text               c_w.l(sys_stackheap_outer.o)
    0x080002b8   0x00000012   Code   RO         2953    .text               c_w.l(exit.o)
    0x080002ca   0x00000002   PAD
    0x080002cc   0x00000008   Code   RO         2966    .text               c_w.l(libspace.o)
    0x080002d4   0x0000000c   Code   RO         3032    .text               c_w.l(sys_exit.o)
    0x080002e0   0x00000002   Code   RO         3043    .text               c_w.l(use_no_semi.o)
    0x080002e2   0x00000000   Code   RO         3045    .text               c_w.l(indicate_semi.o)
    0x080002e2   0x00000016   Code   RO         1034    i.ADC_Cmd           stm32f4xx_adc.o
    0x080002f8   0x00000030   Code   RO         1035    i.ADC_CommonInit    stm32f4xx_adc.o
    0x08000328   0x00000016   Code   RO         1038    i.ADC_DMACmd        stm32f4xx_adc.o
    0x0800033e   0x00000016   Code   RO         1039    i.ADC_DMARequestAfterLastTransferCmd  stm32f4xx_adc.o
    0x08000354   0x00000054   Code   RO         1054    i.ADC_Init          stm32f4xx_adc.o
    0x080003a8   0x000000b8   Code   RO         1059    i.ADC_RegularChannelConfig  stm32f4xx_adc.o
    0x08000460   0x00000004   Code   RO          173    i.BusFault_Handler  stm32f4xx_it.o
    0x08000464   0x00000016   Code   RO         1834    i.DMA_Cmd           stm32f4xx_dma.o
    0x0800047a   0x00000002   PAD
    0x0800047c   0x00000058   Code   RO         1846    i.DMA_Init          stm32f4xx_dma.o
    0x080004d4   0x00000002   Code   RO          174    i.DebugMon_Handler  stm32f4xx_it.o
    0x080004d6   0x00000090   Code   RO          353    i.GPIO_Init         stm32f4xx_gpio.o
    0x08000566   0x00000046   Code   RO          354    i.GPIO_PinAFConfig  stm32f4xx_gpio.o
    0x080005ac   0x00000004   Code   RO          360    i.GPIO_ResetBits    stm32f4xx_gpio.o
    0x080005b0   0x00000004   Code   RO          361    i.GPIO_SetBits      stm32f4xx_gpio.o
    0x080005b4   0x00000004   Code   RO          175    i.HardFault_Handler  stm32f4xx_it.o
    0x080005b8   0x00000010   Code   RO         2040    i.IsKeyDownPress    bsp_key.o
    0x080005c8   0x00000010   Code   RO         2041    i.IsKeyOkPress      bsp_key.o
    0x080005d8   0x00000010   Code   RO         2042    i.IsKeyUpPress      bsp_key.o
    0x080005e8   0x0000004c   Code   RO         2514    i.IsPhoDetected     robot_detect.o
    0x08000634   0x00000004   Code   RO          176    i.MemManage_Handler  stm32f4xx_it.o
    0x08000638   0x00000002   Code   RO          177    i.NMI_Handler       stm32f4xx_it.o
    0x0800063a   0x00000002   PAD
    0x0800063c   0x00000078   Code   RO          308    i.NVIC_Init         misc.o
    0x080006b4   0x00000002   Code   RO          178    i.PendSV_Handler    stm32f4xx_it.o
    0x080006b6   0x00000002   PAD
    0x080006b8   0x00000020   Code   RO          450    i.RCC_AHB1PeriphClockCmd  stm32f4xx_rcc.o
    0x080006d8   0x00000020   Code   RO          459    i.RCC_APB1PeriphClockCmd  stm32f4xx_rcc.o
    0x080006f8   0x00000020   Code   RO          462    i.RCC_APB2PeriphClockCmd  stm32f4xx_rcc.o
    0x08000718   0x00000020   Code   RO          464    i.RCC_APB2PeriphResetCmd  stm32f4xx_rcc.o
    0x08000738   0x000000e8   Code   RO          471    i.RCC_GetClocksFreq  stm32f4xx_rcc.o
    0x08000820   0x00000002   Code   RO          179    i.SVC_Handler       stm32f4xx_it.o
    0x08000822   0x00000002   PAD
    0x08000824   0x000000ec   Code   RO          264    i.SetSysClock       system_stm32f4xx.o
    0x08000910   0x00000008   Code   RO         2171    i.SysTick_Handler   bsp_timer.o
    0x08000918   0x00000060   Code   RO         2172    i.SysTick_ISR       bsp_timer.o
    0x08000978   0x00000068   Code   RO          266    i.SystemInit        system_stm32f4xx.o
    0x080009e0   0x00000002   Code   RO         2173    i.TIM2_IRQHandler   bsp_timer.o
    0x080009e2   0x00000002   Code   RO         2174    i.TIM3_IRQHandler   bsp_timer.o
    0x080009e4   0x00000002   Code   RO         2175    i.TIM4_IRQHandler   bsp_timer.o
    0x080009e6   0x00000002   Code   RO         2176    i.TIM5_IRQHandler   bsp_timer.o
    0x080009e8   0x00000018   Code   RO         1286    i.TIM_Cmd           stm32f4xx_tim.o
    0x08000a00   0x0000001e   Code   RO         1288    i.TIM_CtrlPWMOutputs  stm32f4xx_tim.o
    0x08000a1e   0x00000002   PAD
    0x08000a20   0x0000007c   Code   RO         1315    i.TIM_OC1Init       stm32f4xx_tim.o
    0x08000a9c   0x00000012   Code   RO         1318    i.TIM_OC1PreloadConfig  stm32f4xx_tim.o
    0x08000aae   0x00000002   PAD
    0x08000ab0   0x000000a4   Code   RO         1320    i.TIM_OC2Init       stm32f4xx_tim.o
    0x08000b54   0x0000001a   Code   RO         1323    i.TIM_OC2PreloadConfig  stm32f4xx_tim.o
    0x08000b6e   0x00000004   Code   RO         1348    i.TIM_SetCompare1   stm32f4xx_tim.o
    0x08000b72   0x00000004   Code   RO         1349    i.TIM_SetCompare2   stm32f4xx_tim.o
    0x08000b76   0x00000002   PAD
    0x08000b78   0x00000084   Code   RO         1358    i.TIM_TimeBaseInit  stm32f4xx_tim.o
    0x08000bfc   0x00000012   Code   RO         1359    i.TIM_TimeBaseStructInit  stm32f4xx_tim.o
    0x08000c0e   0x00000002   PAD
    0x08000c10   0x00000010   Code   RO         2314    i.USART1_IRQHandler  bsp_uasrt.o
    0x08000c20   0x00000010   Code   RO         2315    i.USART3_IRQHandler  bsp_uasrt.o
    0x08000c30   0x00000012   Code   RO          840    i.USART_ClearFlag   stm32f4xx_usart.o
    0x08000c42   0x00000018   Code   RO          844    i.USART_Cmd         stm32f4xx_usart.o
    0x08000c5a   0x00000054   Code   RO          848    i.USART_GetITStatus  stm32f4xx_usart.o
    0x08000cae   0x0000004a   Code   RO          850    i.USART_ITConfig    stm32f4xx_usart.o
    0x08000cf8   0x000000d4   Code   RO          851    i.USART_Init        stm32f4xx_usart.o
    0x08000dcc   0x0000000a   Code   RO          858    i.USART_ReceiveData  stm32f4xx_usart.o
    0x08000dd6   0x00000008   Code   RO          861    i.USART_SendData    stm32f4xx_usart.o
    0x08000dde   0x00000004   Code   RO          180    i.UsageFault_Handler  stm32f4xx_it.o
    0x08000de2   0x00000006   Code   RO         2177    i.__set_PRIMASK     bsp_timer.o
    0x08000de8   0x00000014   Code   RO         1961    i.bsp_Config        bsp.o
    0x08000dfc   0x00000014   Code   RO         1962    i.bsp_GPIOClcokCmd  bsp.o
    0x08000e10   0x00000084   Code   RO         1963    i.bsp_GetGPIORCC    bsp.o
    0x08000e94   0x0000000c   Code   RO         2046    i.bsp_KeyConfig     bsp_key.o
    0x08000ea0   0x000000c4   Code   RO         2047    i.bsp_KeyDetect     bsp_key.o
    0x08000f64   0x0000006c   Code   RO         2048    i.bsp_KeyFifoConfig  bsp_key.o
    0x08000fd0   0x0000004c   Code   RO         2049    i.bsp_KeyGPIOConfig  bsp_key.o
    0x0800101c   0x00000028   Code   RO         2050    i.bsp_KeyScan       bsp_key.o
    0x08001044   0x00000014   Code   RO         2125    i.bsp_LedConfig     bsp_led.o
    0x08001058   0x00000084   Code   RO         2126    i.bsp_LedGPIOConfig  bsp_led.o
    0x080010dc   0x00000074   Code   RO         2129    i.bsp_LedToggle     bsp_led.o
    0x08001150   0x00000020   Code   RO         2051    i.bsp_PutKey        bsp_key.o
    0x08001170   0x00000040   Code   RO         2178    i.bsp_TimerDelayMs  bsp_timer.o
    0x080011b0   0x00000054   Code   RO         2179    i.bsp_TimerDelayUs  bsp_timer.o
    0x08001204   0x0000009c   Code   RO         2185    i.bsp_TimerSoftConfig  bsp_timer.o
    0x080012a0   0x00000028   Code   RO         2186    i.bsp_TimerSoftDec  bsp_timer.o
    0x080012c8   0x00000018   Code   RO         2188    i.bsp_TimerSoftSetCallBack  bsp_timer.o
    0x080012e0   0x00000048   Code   RO         2189    i.bsp_TimerSoftStart  bsp_timer.o
    0x08001328   0x00000010   Code   RO         2319    i.bsp_UsartConfig   bsp_uasrt.o
    0x08001338   0x00000150   Code   RO         2320    i.bsp_UsartGPIOConfig  bsp_uasrt.o
    0x08001488   0x000000c0   Code   RO         2324    i.bsp_UsartIRQHandler  bsp_uasrt.o
    0x08001548   0x00000040   Code   RO         2325    i.bsp_UsartNVICConfig  bsp_uasrt.o
    0x08001588   0x00000028   Code   RO         2327    i.bsp_UsartPut      bsp_uasrt.o
    0x080015b0   0x00000070   Code   RO         2329    i.bsp_UsartStructConfig  bsp_uasrt.o
    0x08001620   0x00000040   Code   RO            3    i.main              main.o
    0x08001660   0x00000014   Code   RO         2432    i.robot_Config      robot.o
    0x08001674   0x00000028   Code   RO         2515    i.robot_Detect      robot_detect.o
    0x0800169c   0x00000324   Code   RO         2516    i.robot_EgdeDetect  robot_detect.o
    0x080019c0   0x00000040   Code   RO         2433    i.robot_GetMode     robot.o
    0x08001a00   0x0000005c   Code   RO         2434    i.robot_ModeSwitchConfig  robot.o
    0x08001a5c   0x00000010   Code   RO         2571    i.robot_MotorConfig  robot_motor.o
    0x08001a6c   0x00000060   Code   RO         2572    i.robot_MotorControlConfig  robot_motor.o
    0x08001acc   0x0000004c   Code   RO         2573    i.robot_MotorMove   robot_motor.o
    0x08001b18   0x000000b4   Code   RO         2574    i.robot_MotorPWMConfig  robot_motor.o
    0x08001bcc   0x00000068   Code   RO         2575    i.robot_MotorStrConfig  robot_motor.o
    0x08001c34   0x00000104   Code   RO         2576    i.robot_OutOfBounds  robot_motor.o
    0x08001d38   0x0000006c   Code   RO         2435    i.robot_ParaConfig  robot.o
    0x08001da4   0x00000380   Code   RO         2518    i.robot_PeriDetect  robot_detect.o
    0x08002124   0x000000ec   Code   RO         2715    i.robot_PhoADC_CHConfig  robot_sensor.o
    0x08002210   0x0000006c   Code   RO         2716    i.robot_PhoADC_DMAConfig  robot_sensor.o
    0x0800227c   0x00000090   Code   RO         2717    i.robot_PhoADC_GPIOConfig  robot_sensor.o
    0x0800230c   0x000000b8   Code   RO         2718    i.robot_PhoADC_TIMConfig  robot_sensor.o
    0x080023c4   0x00000090   Code   RO         2719    i.robot_PhotoelectricConfig  robot_sensor.o
    0x08002454   0x00000014   Code   RO         2720    i.robot_RangingConfig  robot_sensor.o
    0x08002468   0x0000000c   Code   RO         2721    i.robot_SensorConfig  robot_sensor.o
    0x08002474   0x00000070   Code   RO         2577    i.robot_SetDirction  robot_motor.o
    0x080024e4   0x00000028   Code   RO         2437    i.robot_ShowState   robot.o
    0x0800250c   0x00000074   Code   RO         2578    i.robot_UpPlatform  robot_motor.o
    0x08002580   0x00000030   Code   RO         2639    i.runActionGroup    robot_servo.o
    0x080025b0   0x00000030   Code   RO         2643    i.uartWriteBuf      robot_servo.o
    0x080025e0   0x0000000a   Code   RO         3030    x$fpl$fpinit        fz_wm.l(fpinit.o)
    0x080025ea   0x00000002   PAD
    0x080025ec   0x000000a8   Data   RO         2722    .constdata          robot_sensor.o
    0x08002694   0x00000020   Data   RO         3098    Region$$Table       anon$$obj.o


    Execution Region RW_IRAM1 (Base: 0x20000000, Size: 0x00001888, Max: 0x00020000, ABSOLUTE)

    Base Addr    Size         Type   Attr      Idx    E Section Name        Object

    0x20000000   0x00000014   Data   RW          267    .data               system_stm32f4xx.o
    0x20000014   0x00000010   Data   RW          503    .data               stm32f4xx_rcc.o
    0x20000024   0x00000001   Data   RW         2130    .data               bsp_led.o
    0x20000025   0x00000003   PAD
    0x20000028   0x00000028   Data   RW         2192    .data               bsp_timer.o
    0x20000050   0x0000001a   Data   RW         2521    .data               robot_detect.o
    0x2000006a   0x00000001   Data   RW         2723    .data               robot_sensor.o
    0x2000006b   0x00000001   PAD
    0x2000006c   0x00000040   Zero   RW         2052    .bss                bsp_key.o
    0x200000ac   0x00000040   Zero   RW         2191    .bss                bsp_timer.o
    0x200000ec   0x00001050   Zero   RW         2330    .bss                bsp_uasrt.o
    0x2000113c   0x00000044   Zero   RW         2438    .bss                robot.o
    0x20001180   0x00000012   Zero   RW         2520    .bss                robot_detect.o
    0x20001192   0x00000090   Zero   RW         2644    .bss                robot_servo.o
    0x20001222   0x00000002   PAD
    0x20001224   0x00000060   Zero   RW         2967    .bss                c_w.l(libspace.o)
    0x20001284   0x00000004   PAD
    0x20001288   0x00000200   Zero   RW          300    HEAP                startup_stm32f40_41xxx.o
    0x20001488   0x00000400   Zero   RW          299    STACK               startup_stm32f40_41xxx.o


==============================================================================

Image component sizes


      Code (inc. data)   RO Data    RW Data    ZI Data      Debug   Object Name

       172         38          0          0          0       2093   bsp.o
       512         56          0          0         64       5547   bsp_key.o
       268         30          0          1          0       1972   bsp_led.o
       558         60          0         40         64      36530   bsp_timer.o
       792         62          0          0       4176       5755   bsp_uasrt.o
        64          8          0          0          0     311555   main.o
       120         14          0          0          0       1040   misc.o
       324         36          0          0         68       4329   robot.o
      1816         48          0         26         18       4797   robot_detect.o
       960         68          0          0          0       5066   robot_motor.o
       848         56        168          1          0       5096   robot_sensor.o
        96         10          0          0        144       2714   robot_servo.o
        64         26        392          0       1536        848   startup_stm32f40_41xxx.o
       382         24          0          0          0       5103   stm32f4xx_adc.o
       110          6          0          0          0       2417   stm32f4xx_dma.o
       222          0          0          0          0       2967   stm32f4xx_gpio.o
        24          0          0          0          0       3772   stm32f4xx_it.o
       360         42          0         16          0       5340   stm32f4xx_rcc.o
       544         48          0          0          0       6953   stm32f4xx_tim.o
       430          8          0          0          0       5553   stm32f4xx_usart.o
       340         32          0         20          0       1829   system_stm32f4xx.o

    ----------------------------------------------------------------------
      9022        672        592        108       6072     421276   Object Totals
         0          0         32          0          0          0   (incl. Generated)
        16          0          0          4          2          0   (incl. Padding)

    ----------------------------------------------------------------------

      Code (inc. data)   RO Data    RW Data    ZI Data      Debug   Library Member Name

         8          0          0          0          0         68   __main.o
         0          0          0          0          0          0   __rtentry.o
        12          0          0          0          0          0   __rtentry2.o
         6          0          0          0          0          0   __rtentry4.o
        52          8          0          0          0          0   __scatter.o
        26          0          0          0          0          0   __scatter_copy.o
        28          0          0          0          0          0   __scatter_zi.o
        18          0          0          0          0         80   exit.o
         6          0          0          0          0        152   heapauxi.o
         0          0          0          0          0          0   indicate_semi.o
         2          0          0          0          0          0   libinit.o
         6          0          0          0          0          0   libinit2.o
         2          0          0          0          0          0   libshutdown.o
         2          0          0          0          0          0   libshutdown2.o
         8          4          0          0         96         68   libspace.o
         2          0          0          0          0          0   rtexit.o
        10          0          0          0          0          0   rtexit2.o
        12          4          0          0          0         68   sys_exit.o
        74          0          0          0          0         80   sys_stackheap_outer.o
         2          0          0          0          0         68   use_no_semi.o
        10          0          0          0          0        116   fpinit.o

    ----------------------------------------------------------------------
       294         16          0          0        100        700   Library Totals
         8          0          0          0          4          0   (incl. Padding)

    ----------------------------------------------------------------------

      Code (inc. data)   RO Data    RW Data    ZI Data      Debug   Library Name

       276         16          0          0         96        584   c_w.l
        10          0          0          0          0        116   fz_wm.l

    ----------------------------------------------------------------------
       294         16          0          0        100        700   Library Totals

    ----------------------------------------------------------------------

==============================================================================


      Code (inc. data)   RO Data    RW Data    ZI Data      Debug   

      9316        688        592        108       6172     411520   Grand Totals
      9316        688        592        108       6172     411520   ELF Image Totals
      9316        688        592        108          0          0   ROM Totals

==============================================================================

    Total RO  Size (Code + RO Data)                 9908 (   9.68kB)
    Total RW  Size (RW Data + ZI Data)              6280 (   6.13kB)
    Total ROM Size (Code + RO Data + RW Data)      10016 (   9.78kB)

==============================================================================

