<html>
<body>
<pre>
<h1>礦ision Build Log</h1>
<h2>Tool Versions:</h2>
IDE-Version: 礦ision V5.22.0.0
Copyright (C) 2016 ARM Ltd and ARM Germany GmbH. All rights reserved.
License Information: He Xin, NUC, LIC=V8545-GPKRU-ZCPJY-I8624-ABNKF-B3EIP
 
Tool Versions:
Toolchain:       MDK-ARM Professional  Version: 5.22
Toolchain Path:  D:\Program Files\Keil\ARM\ARMCC\Bin
C Compiler:      Armcc.exe V5.06 update 4 (build 422)
Assembler:       Armasm.exe V5.06 update 4 (build 422)
Linker/Locator:  ArmLink.exe V5.06 update 4 (build 422)
Library Manager: ArmAr.exe V5.06 update 4 (build 422)
Hex Converter:   FromElf.exe V5.06 update 4 (build 422)
CPU DLL:         SARMCM3.DLL V5.22
Dialog DLL:      DCM.DLL V1.13.9.0
Target DLL:      STLink\ST-LINKIII-KEIL_SWO.dll V2.0.18.0
Dialog DLL:      TCM.DLL V1.21.0.0
 
<h2>Project:</h2>
E:\学习资料\比赛\华北五省机器人大赛\2017年\VectorRobot\USER\Robot.uvprojx
Project File Date:  10/23/2017

<h2>Output:</h2>
*** Using Compiler 'V5.06 update 4 (build 422)', folder: 'D:\Program Files\Keil\ARM\ARMCC\Bin'
Build target 'Robot'
compiling main.c...
compiling bsp_key.c...
compiling bsp.c...
..\BSP_DRIVER\src\bsp.c(133): warning:  #940-D: missing return statement at end of non-void function "bsp_GetSPIPinAF" 
  }
..\BSP_DRIVER\src\bsp.c(126): warning:  #550-D: variable "pinAF"  was set but never used
  	uint8_t pinAF = 0;
..\BSP_DRIVER\src\bsp.c: 2 warnings, 0 errors
compiling bsp_led.c...
compiling bsp_timer.c...
..\BSP_DRIVER\src\bsp_timer.c(9): warning:  #177-D: variable "s_ucUsedTIM"  was declared but never referenced
  static uint8_t s_ucUsedTIM = 0x00;
..\BSP_DRIVER\src\bsp_timer.c(12): warning:  #177-D: variable "TIM1_CallBack"  was declared but never referenced
  static _cbTimerCallBack TIM1_CallBack = 0;
..\BSP_DRIVER\src\bsp_timer.c(13): warning:  #177-D: variable "TIM2_CallBack"  was declared but never referenced
  static _cbTimerCallBack TIM2_CallBack = 0;
..\BSP_DRIVER\src\bsp_timer.c(14): warning:  #177-D: variable "TIM3_CallBack"  was declared but never referenced
  static _cbTimerCallBack TIM3_CallBack = 0;
..\BSP_DRIVER\src\bsp_timer.c(15): warning:  #177-D: variable "TIM4_CallBack"  was declared but never referenced
  static _cbTimerCallBack TIM4_CallBack = 0;
..\BSP_DRIVER\src\bsp_timer.c(16): warning:  #177-D: variable "TIM5_CallBack"  was declared but never referenced
  static _cbTimerCallBack TIM5_CallBack = 0;
..\BSP_DRIVER\src\bsp_timer.c(17): warning:  #177-D: variable "TIM6_CallBack"  was declared but never referenced
  static _cbTimerCallBack TIM6_CallBack = 0;
..\BSP_DRIVER\src\bsp_timer.c: 7 warnings, 0 errors
compiling bsp_uasrt.c...
..\BSP_DRIVER\src\bsp_uasrt.c(1032): warning:  #167-D: argument of type "char *" is incompatible with parameter of type "uint8_t *"
  	bsp_UsartSendDataToBuff(Port, buf, i);
..\BSP_DRIVER\src\bsp_uasrt.c: 1 warning, 0 errors
compiling robot.c...
compiling robot_debug.c...
compiling robot_detect.c...
compiling robot_servo.c...
compiling robot_motor.c...
compiling robot_sensor.c...
linking...
Program Size: Code=9124 RO-data=592 RW-data=100 ZI-data=6172  
FromELF: creating hex file...
"..\OBJ\Robot.axf" - 0 Error(s), 10 Warning(s).

<h2>Collection of Component include folders:</h2>
  E:\学习资料\比赛\华北五省机器人大赛\2017年\VectorRobot\USER\RTE\_Robot
  D:\Program Files\Keil\ARM\PACK\Keil\STM32F4xx_DFP\2.9.0\Drivers\CMSIS\Device\ST\STM32F4xx\Include

<h2>Collection of Component Files used:</h2>
Build Time Elapsed:  00:00:08
</pre>
</body>
</html>
